<html>
<body>
<pre>
<h1>µVision Build Log</h1>
<h2>Tool Versions:</h2>
IDE-Version: µVision V5.14.0.0
Copyright (C) 2015 ARM Ltd and ARM Germany GmbH. All rights reserved.
License Information: user user, company, LIC=CRMUH-WY7M6-F0QN5-GEQEV-WEZBK-GTHBD
 
Tool Versions:
Toolchain:       MDK-ARM Professional  Version: 5.14.0.0
Toolchain Path:  D:\Keil_v5\ARM\ARMCC\Bin
C Compiler:      Armcc.exe V5.05 update 1 (build 106)
Assembler:       Armasm.exe V5.05 update 1 (build 106)
Linker/Locator:  ArmLink.exe V5.05 update 1 (build 106)
Library Manager: ArmAr.exe V5.05 update 1 (build 106)
Hex Converter:   FromElf.exe V5.05 update 1 (build 106)
CPU DLL:         SARMCM3.DLL V5.14.0.0
Dialog DLL:      DCM.DLL V1.13.1.0
Target DLL:      STLink\ST-LINKIII-KEIL_SWO.dll V2.0.14.0_KEIL
Dialog DLL:      TCM.DLL V1.14.4.0
 
<h2>Project:</h2>
D:\STM32Cube\Repository\STM32Cube_FW_F4_V1.8.0\Projects\STM32F429I-Discovery\Applications\STemWin\DCF77\MDK-ARM\Project.uvprojx
Project File Date:  09/20/2015

<h2>Output:</h2>
Rebuild target 'STM32F429I_DISCO_MB1075'
compiling stm32f429i_discovery_io.c...
compiling stm32f429i_discovery.c...
compiling stm32f429i_discovery_lcd.c...
compiling stm32f429i_discovery_ts.c...
compiling stm32f429i_discovery_sdram.c...
assembling startup_stm32f429xx.s...
compiling stmpe811.c...
compiling ili9341.c...
compiling GUI_X.c...
compiling LCDConf_stm32f429i_disco_MB1075.c...
compiling GUIConf.c...
compiling system_stm32f4xx.c...
compiling BASIC_HelloWorld.c...
compiling stm32f4xx_it.c...
compiling main.c...
compiling dcf77.c...
compiling delay.c...
compiling dfc_main.c...
compiling mstimer.c...
compiling time2.c...
compiling stm32f4xx_hal_i2c.c...
compiling stm32f4xx_hal.c...
compiling stm32f4xx_hal_tim.c...
compiling stm32f4xx_hal_i2s.c...
compiling stm32f4xx_hal_i2c_ex.c...
compiling stm32f4xx_hal_i2s_ex.c...
compiling stm32f4xx_hal_flash_ex.c...
compiling stm32f4xx_hal_rcc_ex.c...
compiling stm32f4xx_hal_dma2d.c...
compiling stm32f4xx_ll_fmc.c...
compiling stm32f4xx_hal_pwr.c...
compiling stm32f4xx_hal_spi.c...
compiling stm32f4xx_hal_flash.c...
compiling stm32f4xx_hal_ltdc.c...
compiling stm32f4xx_hal_gpio.c...
compiling stm32f4xx_hal_rcc.c...
compiling stm32f4xx_hal_tim_ex.c...
compiling stm32f4xx_hal_sdram.c...
compiling stm32f4xx_hal_pwr_ex.c...
compiling stm32f4xx_hal_cortex.c...
compiling stm32f4xx_hal_crc.c...
compiling stm32f4xx_hal_uart.c...
compiling stm32f4xx_hal_dma.c...
linking...
Program Size: Code=48814 RO-data=9414 RW-data=1028 ZI-data=174460  
"STM32F429I_DISCO_MB1075\STM32F429I_DISCO_MB1075.axf" - 0 Error(s), 0 Warning(s).

<h2>Software Packages used:</h2>

Package Vendor: ARM
                http://www.keil.com/pack/ARM.CMSIS.4.3.0.pack
                ARM::CMSIS:CORE:4.1.0
                CMSIS (Cortex Microcontroller Software Interface Standard)
   * Component: CORE Version: 4.1.0

<h2>Collection of Component include folders:</h2>
  D:\STM32Cube\Repository\STM32Cube_FW_F4_V1.8.0\Projects\STM32F429I-Discovery\Applications\STemWin\DCF77\MDK-ARM\RTE
  D:\Keil_v5\ARM\PACK\ARM\CMSIS\4.3.0\CMSIS\Include
  D:\Keil_v5\ARM\PACK\Keil\STM32F4xx_DFP\2.4.0

<h2>Collection of Component Files used:</h2>

   * Component: ARM::CMSIS:CORE:4.1.0
</pre>
</body>
</html>
