Component: ARM Compiler 5.05 update 1 (build 106) Tool: armlink [4d0efa]

==============================================================================

Section Cross References

    stm32f429i_discovery_io.o(i.BSP_IO_ConfigPin) refers to stm32f429i_discovery_io.o(.data) for .data
    stm32f429i_discovery_io.o(i.BSP_IO_ITClear) refers to stm32f429i_discovery_io.o(.data) for .data
    stm32f429i_discovery_io.o(i.BSP_IO_ITGetStatus) refers to stm32f429i_discovery_io.o(.data) for .data
    stm32f429i_discovery_io.o(i.BSP_IO_Init) refers to stmpe811.o(.data) for stmpe811_io_drv
    stm32f429i_discovery_io.o(i.BSP_IO_Init) refers to stm32f429i_discovery_io.o(.data) for .data
    stm32f429i_discovery_io.o(i.BSP_IO_ReadPin) refers to stm32f429i_discovery_io.o(.data) for .data
    stm32f429i_discovery_io.o(i.BSP_IO_TogglePin) refers to stm32f429i_discovery_io.o(.data) for .data
    stm32f429i_discovery_io.o(i.BSP_IO_WritePin) refers to stm32f429i_discovery_io.o(.data) for .data
    stm32f429i_discovery.o(i.BSP_LED_Init) refers to stm32f4xx_hal_gpio.o(i.HAL_GPIO_Init) for HAL_GPIO_Init
    stm32f429i_discovery.o(i.BSP_LED_Init) refers to stm32f4xx_hal_gpio.o(i.HAL_GPIO_WritePin) for HAL_GPIO_WritePin
    stm32f429i_discovery.o(i.BSP_LED_Init) refers to stm32f429i_discovery.o(.constdata) for .constdata
    stm32f429i_discovery.o(i.BSP_LED_Init) refers to stm32f429i_discovery.o(.data) for .data
    stm32f429i_discovery.o(i.BSP_LED_Off) refers to stm32f4xx_hal_gpio.o(i.HAL_GPIO_WritePin) for HAL_GPIO_WritePin
    stm32f429i_discovery.o(i.BSP_LED_Off) refers to stm32f429i_discovery.o(.constdata) for .constdata
    stm32f429i_discovery.o(i.BSP_LED_Off) refers to stm32f429i_discovery.o(.data) for .data
    stm32f429i_discovery.o(i.BSP_LED_On) refers to stm32f4xx_hal_gpio.o(i.HAL_GPIO_WritePin) for HAL_GPIO_WritePin
    stm32f429i_discovery.o(i.BSP_LED_On) refers to stm32f429i_discovery.o(.constdata) for .constdata
    stm32f429i_discovery.o(i.BSP_LED_On) refers to stm32f429i_discovery.o(.data) for .data
    stm32f429i_discovery.o(i.BSP_LED_Toggle) refers to stm32f4xx_hal_gpio.o(i.HAL_GPIO_TogglePin) for HAL_GPIO_TogglePin
    stm32f429i_discovery.o(i.BSP_LED_Toggle) refers to stm32f429i_discovery.o(.constdata) for .constdata
    stm32f429i_discovery.o(i.BSP_LED_Toggle) refers to stm32f429i_discovery.o(.data) for .data
    stm32f429i_discovery.o(i.BSP_PB_GetState) refers to stm32f4xx_hal_gpio.o(i.HAL_GPIO_ReadPin) for HAL_GPIO_ReadPin
    stm32f429i_discovery.o(i.BSP_PB_GetState) refers to stm32f429i_discovery.o(.constdata) for .constdata
    stm32f429i_discovery.o(i.BSP_PB_GetState) refers to stm32f429i_discovery.o(.data) for .data
    stm32f429i_discovery.o(i.BSP_PB_Init) refers to stm32f4xx_hal_gpio.o(i.HAL_GPIO_Init) for HAL_GPIO_Init
    stm32f429i_discovery.o(i.BSP_PB_Init) refers to stm32f4xx_hal_cortex.o(i.HAL_NVIC_SetPriority) for HAL_NVIC_SetPriority
    stm32f429i_discovery.o(i.BSP_PB_Init) refers to stm32f4xx_hal_cortex.o(i.HAL_NVIC_EnableIRQ) for HAL_NVIC_EnableIRQ
    stm32f429i_discovery.o(i.BSP_PB_Init) refers to stm32f429i_discovery.o(.constdata) for .constdata
    stm32f429i_discovery.o(i.BSP_PB_Init) refers to stm32f429i_discovery.o(.data) for .data
    stm32f429i_discovery.o(i.GYRO_IO_Init) refers to stm32f4xx_hal_gpio.o(i.HAL_GPIO_Init) for HAL_GPIO_Init
    stm32f429i_discovery.o(i.GYRO_IO_Init) refers to stm32f4xx_hal_gpio.o(i.HAL_GPIO_WritePin) for HAL_GPIO_WritePin
    stm32f429i_discovery.o(i.GYRO_IO_Init) refers to stm32f429i_discovery.o(i.SPIx_Init) for SPIx_Init
    stm32f429i_discovery.o(i.GYRO_IO_Read) refers to stm32f4xx_hal_gpio.o(i.HAL_GPIO_WritePin) for HAL_GPIO_WritePin
    stm32f429i_discovery.o(i.GYRO_IO_Read) refers to stm32f4xx_hal_spi.o(i.HAL_SPI_TransmitReceive) for HAL_SPI_TransmitReceive
    stm32f429i_discovery.o(i.GYRO_IO_Read) refers to stm32f4xx_hal_spi.o(i.HAL_SPI_DeInit) for HAL_SPI_DeInit
    stm32f429i_discovery.o(i.GYRO_IO_Read) refers to stm32f429i_discovery.o(i.SPIx_Init) for SPIx_Init
    stm32f429i_discovery.o(i.GYRO_IO_Read) refers to stm32f429i_discovery.o(.data) for .data
    stm32f429i_discovery.o(i.GYRO_IO_Read) refers to stm32f429i_discovery.o(.bss) for .bss
    stm32f429i_discovery.o(i.GYRO_IO_Write) refers to stm32f4xx_hal_gpio.o(i.HAL_GPIO_WritePin) for HAL_GPIO_WritePin
    stm32f429i_discovery.o(i.GYRO_IO_Write) refers to stm32f4xx_hal_spi.o(i.HAL_SPI_TransmitReceive) for HAL_SPI_TransmitReceive
    stm32f429i_discovery.o(i.GYRO_IO_Write) refers to stm32f4xx_hal_spi.o(i.HAL_SPI_DeInit) for HAL_SPI_DeInit
    stm32f429i_discovery.o(i.GYRO_IO_Write) refers to stm32f429i_discovery.o(i.SPIx_Init) for SPIx_Init
    stm32f429i_discovery.o(i.GYRO_IO_Write) refers to stm32f429i_discovery.o(.data) for .data
    stm32f429i_discovery.o(i.GYRO_IO_Write) refers to stm32f429i_discovery.o(.bss) for .bss
    stm32f429i_discovery.o(i.I2Cx_Init) refers to stm32f4xx_hal_i2c.o(i.HAL_I2C_GetState) for HAL_I2C_GetState
[...]
    0x08001ca8   0x00000010   Code   RO         6753    i.GUI_SignalEvent   STemWin528_CM4_Keil.lib(gui_waitevent.o)
    0x08001cb8   0x00000010   Code   RO         6710    i.GUI_StoreKey      STemWin528_CM4_Keil.lib(gui_onkey.o)
    0x08001cc8   0x0000002c   Code   RO         5701    i.GUI_TOUCH_StoreStateEx  STemWin528_CM4_Keil.lib(gui_touch.o)
    0x08001cf4   0x0000002c   Code   RO         6740    i.GUI_UC__GetCharCodeInc  STemWin528_CM4_Keil.lib(gui_uc.o)
    0x08001d20   0x00000028   Code   RO         6742    i.GUI_UC__NumChars2NumBytes  STemWin528_CM4_Keil.lib(gui_uc.o)
    0x08001d48   0x00000028   Code   RO         6815    i.GUI_USAGE_AddRect  STemWin528_CM4_Keil.lib(guidev_usage.o)
    0x08001d70   0x00000024   Code   RO         6816    i.GUI_USAGE_DecUseCnt  STemWin528_CM4_Keil.lib(guidev_usage.o)
    0x08001d94   0x00000020   Code   RO         1353    i.GUI_X_Config      guiconf.o
    0x08001db4   0x00000002   Code   RO         1062    i.GUI_X_ExecIdle    gui_x.o
    0x08001db6   0x00000002   Code   RO         1064    i.GUI_X_Init        gui_x.o
    0x08001db8   0x00000016   Code   RO         5496    i.GUI__AllocAlphaBuffer  STemWin528_CM4_Keil.lib(gui__alpha.o)
    0x08001dce   0x00000002   PAD
    0x08001dd0   0x00000124   Code   RO         6874    i.GUI__CompactPixelIndices  STemWin528_CM4_Keil.lib(gui__compactpixelindices.o)
    0x08001ef4   0x0000000c   Code   RO         6875    i.GUI__CompactPixelIndicesEx  STemWin528_CM4_Keil.lib(gui__compactpixelindices.o)
    0x08001f00   0x00000034   Code   RO         5596    i.GUI__Config       STemWin528_CM4_Keil.lib(gui_core.o)
    0x08001f34   0x00000168   Code   RO         6876    i.GUI__ConvertColor2Index  STemWin528_CM4_Keil.lib(gui__compactpixelindices.o)
    0x0800209c   0x000000b0   Code   RO         6679    i.GUI__DispLine     STemWin528_CM4_Keil.lib(gui_charline.o)
    0x0800214c   0x000001d0   Code   RO         5497    i.GUI__DoAlphaBlending  STemWin528_CM4_Keil.lib(gui__alpha.o)
    0x0800231c   0x00000142   Code   RO         6203    i.GUI__ExpandPixelIndicesEx  STemWin528_CM4_Keil.lib(gui__expandpixelindices.o)
    0x0800245e   0x00000002   PAD
    0x08002460   0x0000009c   Code   RO         5498    i.GUI__GetAlphaBuffer  STemWin528_CM4_Keil.lib(gui__alpha.o)
    0x080024fc   0x00000054   Code   RO         6680    i.GUI__GetLineDistX  STemWin528_CM4_Keil.lib(gui_charline.o)
    0x08002550   0x00000038   Code   RO         6681    i.GUI__GetLineNumChars  STemWin528_CM4_Keil.lib(gui_charline.o)
    0x08002588   0x00000018   Code   RO         6682    i.GUI__GetOverlap   STemWin528_CM4_Keil.lib(gui_charline.o)
    0x080025a0   0x0000003a   Code   RO         6650    i.GUI__IntersectRect  STemWin528_CM4_Keil.lib(gui__intersectrect.o)
    0x080025da   0x00000052   Code   RO         6652    i.GUI__IntersectRects  STemWin528_CM4_Keil.lib(gui__intersectrects.o)
    0x0800262c   0x00000010   Code   RO         6655    i.GUI__ManageCache  STemWin528_CM4_Keil.lib(gui__managecache.o)
    0x0800263c   0x000000c8   Code   RO         6656    i.GUI__ManageCacheEx  STemWin528_CM4_Keil.lib(gui__managecache.o)
    0x08002704   0x00000066   Code   RO         5499    i.GUI__MixColors    STemWin528_CM4_Keil.lib(gui__alpha.o)
    0x0800276a   0x0000004e   Code   RO         5500    i.GUI__MixColorsBulk  STemWin528_CM4_Keil.lib(gui__alpha.o)
    0x080027b8   0x00000010   Code   RO         5597    i.GUI__RegisterExit  STemWin528_CM4_Keil.lib(gui_core.o)
    0x080027c8   0x0000004c   Code   RO         6206    i.GUI__memset       STemWin528_CM4_Keil.lib(gui__memset.o)
    0x08002814   0x0000001c   Code   RO         1153    i.GetBufferSize     lcdconf_stm32f429i_disco_mb1075.o
    0x08002830   0x0000005a   Code   RO         3368    i.HAL_DMA2D_Init    stm32f4xx_hal_dma2d.o
    0x0800288a   0x00000002   PAD
    0x0800288c   0x0000001c   Code   RO         1155    i.HAL_DMA2D_MspInit  lcdconf_stm32f429i_disco_mb1075.o
    0x080028a8   0x00000080   Code   RO         5353    i.HAL_DMA_DeInit    stm32f4xx_hal_dma.o
    0x08002928   0x000000b0   Code   RO         5357    i.HAL_DMA_Init      stm32f4xx_hal_dma.o
    0x080029d8   0x00000016   Code   RO         2188    i.HAL_Delay         stm32f4xx_hal.o
    0x080029ee   0x00000002   PAD
    0x080029f0   0x00000230   Code   RO         4312    i.HAL_GPIO_Init     stm32f4xx_hal_gpio.o
    0x08002c20   0x0000000a   Code   RO         4316    i.HAL_GPIO_WritePin  stm32f4xx_hal_gpio.o
    0x08002c2a   0x00000002   PAD
    0x08002c2c   0x0000000c   Code   RO         2196    i.HAL_GetTick       stm32f4xx_hal.o
    0x08002c38   0x00000030   Code   RO         1894    i.HAL_I2C_DeInit    stm32f4xx_hal_i2c.o
    0x08002c68   0x00000006   Code   RO         1899    i.HAL_I2C_GetState  stm32f4xx_hal_i2c.o
    0x08002c6e   0x00000002   PAD
    0x08002c70   0x00000100   Code   RO         1900    i.HAL_I2C_Init      stm32f4xx_hal_i2c.o
    0x08002d70   0x000001e0   Code   RO         1912    i.HAL_I2C_Mem_Read  stm32f4xx_hal_i2c.o
    0x08002f50   0x00000104   Code   RO         1915    i.HAL_I2C_Mem_Write  stm32f4xx_hal_i2c.o
    0x08003054   0x00000002   Code   RO         1918    i.HAL_I2C_MspDeInit  stm32f4xx_hal_i2c.o
    0x08003056   0x00000002   Code   RO         1919    i.HAL_I2C_MspInit   stm32f4xx_hal_i2c.o
    0x08003058   0x00000010   Code   RO         2197    i.HAL_IncTick       stm32f4xx_hal.o
    0x08003068   0x00000034   Code   RO         2198    i.HAL_Init          stm32f4xx_hal.o
    0x0800309c   0x00000022   Code   RO         2199    i.HAL_InitTick      stm32f4xx_hal.o
    0x080030be   0x0000008e   Code   RO         4136    i.HAL_LTDC_ConfigCLUT  stm32f4xx_hal_ltdc.o
    0x0800314c   0x00000048   Code   RO         4137    i.HAL_LTDC_ConfigColorKeying  stm32f4xx_hal_ltdc.o
    0x08003194   0x00000058   Code   RO         4138    i.HAL_LTDC_ConfigLayer  stm32f4xx_hal_ltdc.o
    0x080031ec   0x00000018   Code   RO         4139    i.HAL_LTDC_DeInit   stm32f4xx_hal_ltdc.o
    0x08003204   0x00000040   Code   RO         4141    i.HAL_LTDC_DisableColorKeying  stm32f4xx_hal_ltdc.o
    0x08003244   0x00000040   Code   RO         4143    i.HAL_LTDC_EnableCLUT  stm32f4xx_hal_ltdc.o
    0x08003284   0x00000040   Code   RO         4144    i.HAL_LTDC_EnableColorKeying  stm32f4xx_hal_ltdc.o
    0x080032c4   0x00000002   Code   RO         4146    i.HAL_LTDC_ErrorCallback  stm32f4xx_hal_ltdc.o
    0x080032c6   0x000000ae   Code   RO         4149    i.HAL_LTDC_IRQHandler  stm32f4xx_hal_ltdc.o
    0x08003374   0x0000010c   Code   RO         4150    i.HAL_LTDC_Init     stm32f4xx_hal_ltdc.o
    0x08003480   0x00000064   Code   RO         1156    i.HAL_LTDC_LineEventCallback  lcdconf_stm32f429i_disco_mb1075.o
    0x080034e4   0x00000018   Code   RO         1157    i.HAL_LTDC_MspDeInit  lcdconf_stm32f429i_disco_mb1075.o
    0x080034fc   0x0000012c   Code   RO         1158    i.HAL_LTDC_MspInit  lcdconf_stm32f429i_disco_mb1075.o
    0x08003628   0x0000003c   Code   RO         4154    i.HAL_LTDC_ProgramLineEvent  stm32f4xx_hal_ltdc.o
    0x08003664   0x00000046   Code   RO         4155    i.HAL_LTDC_SetAddress  stm32f4xx_hal_ltdc.o
    0x080036aa   0x00000046   Code   RO         4156    i.HAL_LTDC_SetAlpha  stm32f4xx_hal_ltdc.o
    0x080036f0   0x00000054   Code   RO         4159    i.HAL_LTDC_SetWindowPosition  stm32f4xx_hal_ltdc.o
    0x08003744   0x00000002   Code   RO         2201    i.HAL_MspInit       stm32f4xx_hal.o
    0x08003746   0x00000018   Code   RO         4948    i.HAL_NVIC_ClearPendingIRQ  stm32f4xx_hal_cortex.o
    0x0800375e   0x00000018   Code   RO         4950    i.HAL_NVIC_EnableIRQ  stm32f4xx_hal_cortex.o
    0x08003776   0x00000002   PAD
    0x08003778   0x00000064   Code   RO         4956    i.HAL_NVIC_SetPriority  stm32f4xx_hal_cortex.o
    0x080037dc   0x00000024   Code   RO         4957    i.HAL_NVIC_SetPriorityGrouping  stm32f4xx_hal_cortex.o
    0x08003800   0x0000009c   Code   RO         4881    i.HAL_PWREx_EnableOverDrive  stm32f4xx_hal_pwr_ex.o
    0x0800389c   0x000002f0   Code   RO         3321    i.HAL_RCCEx_PeriphCLKConfig  stm32f4xx_hal_rcc_ex.o
    0x08003b8c   0x00000230   Code   RO         4376    i.HAL_RCC_ClockConfig  stm32f4xx_hal_rcc.o
    0x08003dbc   0x00000034   Code   RO         4381    i.HAL_RCC_GetHCLKFreq  stm32f4xx_hal_rcc.o
    0x08003df0   0x0000004c   Code   RO         4383    i.HAL_RCC_GetPCLK1Freq  stm32f4xx_hal_rcc.o
    0x08003e3c   0x00000090   Code   RO         4385    i.HAL_RCC_GetSysClockFreq  stm32f4xx_hal_rcc.o
    0x08003ecc   0x000003c8   Code   RO         4388    i.HAL_RCC_OscConfig  stm32f4xx_hal_rcc.o
    0x08004294   0x00000042   Code   RO         4725    i.HAL_SDRAM_Init    stm32f4xx_hal_sdram.o
    0x080042d6   0x00000002   Code   RO         4727    i.HAL_SDRAM_MspInit  stm32f4xx_hal_sdram.o
    0x080042d8   0x00000024   Code   RO         4728    i.HAL_SDRAM_ProgramRefreshRate  stm32f4xx_hal_sdram.o
    0x080042fc   0x0000002e   Code   RO         4734    i.HAL_SDRAM_SendCommand  stm32f4xx_hal_sdram.o
    0x0800432a   0x0000002a   Code   RO         3802    i.HAL_SPI_DeInit    stm32f4xx_hal_spi.o
    0x08004354   0x00000006   Code   RO         3805    i.HAL_SPI_GetState  stm32f4xx_hal_spi.o
    0x0800435a   0x00000084   Code   RO         3807    i.HAL_SPI_Init      stm32f4xx_hal_spi.o
    0x080043de   0x00000002   Code   RO         3808    i.HAL_SPI_MspDeInit  stm32f4xx_hal_spi.o
    0x080043e0   0x00000002   Code   RO         3809    i.HAL_SPI_MspInit   stm32f4xx_hal_spi.o
    0x080043e2   0x00000184   Code   RO         3815    i.HAL_SPI_Transmit  stm32f4xx_hal_spi.o
    0x08004566   0x00000002   PAD
    0x08004568   0x0000002c   Code   RO         4961    i.HAL_SYSTICK_Config  stm32f4xx_hal_cortex.o
    0x08004594   0x00000002   Code   RO         4480    i.HAL_TIMEx_BreakCallback  stm32f4xx_hal_tim_ex.o
    0x08004596   0x00000002   Code   RO         4481    i.HAL_TIMEx_CommutationCallback  stm32f4xx_hal_tim_ex.o
    0x08004598   0x00000036   Code   RO         2341    i.HAL_TIM_Base_Init  stm32f4xx_hal_tim.o
    0x080045ce   0x00000002   PAD
    0x080045d0   0x0000002c   Code   RO         1495    i.HAL_TIM_Base_MspInit  main.o
    0x080045fc   0x0000001a   Code   RO         2344    i.HAL_TIM_Base_Start  stm32f4xx_hal_tim.o
    0x08004616   0x00000018   Code   RO         2346    i.HAL_TIM_Base_Start_IT  stm32f4xx_hal_tim.o
    0x0800462e   0x000001b8   Code   RO         2350    i.HAL_TIM_ConfigClockSource  stm32f4xx_hal_tim.o
    0x080047e6   0x00000002   Code   RO         2370    i.HAL_TIM_IC_CaptureCallback  stm32f4xx_hal_tim.o
    0x080047e8   0x0000016c   Code   RO         2383    i.HAL_TIM_IRQHandler  stm32f4xx_hal_tim.o
    0x08004954   0x00000002   Code   RO         2386    i.HAL_TIM_OC_DelayElapsedCallback  stm32f4xx_hal_tim.o
    0x08004956   0x00000002   Code   RO         2413    i.HAL_TIM_PWM_PulseFinishedCallback  stm32f4xx_hal_tim.o
    0x08004958   0x00000014   Code   RO         1496    i.HAL_TIM_PeriodElapsedCallback  main.o
    0x0800496c   0x00000002   Code   RO         2424    i.HAL_TIM_TriggerCallback  stm32f4xx_hal_tim.o
    0x0800496e   0x00000002   Code   RO         1419    i.HardFault_Handler  stm32f4xx_it.o
    0x08004970   0x000000f0   Code   RO         1937    i.I2C_RequestMemoryRead  stm32f4xx_hal_i2c.o
    0x08004a60   0x0000009c   Code   RO         1938    i.I2C_RequestMemoryWrite  stm32f4xx_hal_i2c.o
    0x08004afc   0x000000e2   Code   RO         1939    i.I2C_WaitOnFlagUntilTimeout  stm32f4xx_hal_i2c.o
    0x08004bde   0x000000b4   Code   RO         1940    i.I2C_WaitOnMasterAddressFlagUntilTimeout  stm32f4xx_hal_i2c.o
    0x08004c92   0x00000002   PAD
    0x08004c94   0x000000ec   Code   RO          215    i.I2Cx_Init         stm32f429i_discovery.o
    0x08004d80   0x00000004   Code   RO          216    i.IOE_Delay         stm32f429i_discovery.o
    0x08004d84   0x00000050   Code   RO          217    i.IOE_ITConfig      stm32f429i_discovery.o
    0x08004dd4   0x00000004   Code   RO          218    i.IOE_Init          stm32f429i_discovery.o
    0x08004dd8   0x00000048   Code   RO          219    i.IOE_Read          stm32f429i_discovery.o
    0x08004e20   0x00000040   Code   RO          220    i.IOE_ReadMultiple  stm32f429i_discovery.o
    0x08004e60   0x00000044   Code   RO          221    i.IOE_Write         stm32f429i_discovery.o
    0x08004ea4   0x00000010   Code   RO         1159    i.Index2ColorBulk_M1555IDMA2D  lcdconf_stm32f429i_disco_mb1075.o
    0x08004eb4   0x00000010   Code   RO         1160    i.Index2ColorBulk_M4444IDMA2D  lcdconf_stm32f429i_disco_mb1075.o
    0x08004ec4   0x00000010   Code   RO         1161    i.Index2ColorBulk_M565DMA2D  lcdconf_stm32f429i_disco_mb1075.o
    0x08004ed4   0x00000010   Code   RO         1162    i.Index2ColorBulk_M8888IDMA2D  lcdconf_stm32f429i_disco_mb1075.o
    0x08004ee4   0x00000010   Code   RO         1163    i.Index2ColorBulk_M888DMA2D  lcdconf_stm32f429i_disco_mb1075.o
    0x08004ef4   0x0000001c   Code   RO         5731    i.LCD_Color2Index   STemWin528_CM4_Keil.lib(lcd.o)
    0x08004f10   0x00000056   Code   RO         5433    i.LCD_Color2Index_8666  STemWin528_CM4_Keil.lib(guicc_8666.o)
    0x08004f66   0x00000004   Code   RO          223    i.LCD_Delay         stm32f429i_discovery.o
    0x08004f6a   0x00000002   PAD
    0x08004f6c   0x00000204   Code   RO         5732    i.LCD_DrawBitmap    STemWin528_CM4_Keil.lib(lcd.o)
    0x08005170   0x00000058   Code   RO         5733    i.LCD_DrawHLine     STemWin528_CM4_Keil.lib(lcd.o)
    0x080051c8   0x00000068   Code   RO         5734    i.LCD_DrawPixel     STemWin528_CM4_Keil.lib(lcd.o)
    0x08005230   0x00000058   Code   RO         5736    i.LCD_FillRect      STemWin528_CM4_Keil.lib(lcd.o)
    0x08005288   0x00000006   Code   RO         5788    i.LCD_GetBitsPerPixelEx  STemWin528_CM4_Keil.lib(lcd_getex.o)
    0x0800528e   0x00000002   PAD
    0x08005290   0x00000010   Code   RO         7052    i.LCD_GetBkColorIndex  STemWin528_CM4_Keil.lib(lcd_getcolorindex.o)
    0x080052a0   0x00000010   Code   RO         7053    i.LCD_GetColorIndex  STemWin528_CM4_Keil.lib(lcd_getcolorindex.o)
    0x080052b0   0x00000018   Code   RO         5790    i.LCD_GetDevFunc    STemWin528_CM4_Keil.lib(lcd_getex.o)
    0x080052c8   0x00000006   Code   RO         5792    i.LCD_GetMirrorXEx  STemWin528_CM4_Keil.lib(lcd_getex.o)
    0x080052ce   0x00000006   Code   RO         5794    i.LCD_GetMirrorYEx  STemWin528_CM4_Keil.lib(lcd_getex.o)
    0x080052d4   0x00000010   Code   RO         5795    i.LCD_GetNumColors  STemWin528_CM4_Keil.lib(lcd_getex.o)
    0x080052e4   0x00000006   Code   RO         5796    i.LCD_GetNumColorsEx  STemWin528_CM4_Keil.lib(lcd_getex.o)
    0x080052ea   0x0000001a   Code   RO         6290    i.LCD_GetNumLayers  STemWin528_CM4_Keil.lib(lcd_getnumdisplays.o)
    0x08005304   0x00000010   Code   RO         5797    i.LCD_GetPalette    STemWin528_CM4_Keil.lib(lcd_getex.o)
    0x08005314   0x00000018   Code   RO         5798    i.LCD_GetPaletteEx  STemWin528_CM4_Keil.lib(lcd_getex.o)
    0x0800532c   0x0000002c   Code   RO         5863    i.LCD_GetPosEx      STemWin528_CM4_Keil.lib(lcd_set.o)
    0x08005358   0x00000006   Code   RO         5800    i.LCD_GetSwapXYEx   STemWin528_CM4_Keil.lib(lcd_getex.o)
    0x0800535e   0x00000006   Code   RO         5803    i.LCD_GetVXSizeMax  STemWin528_CM4_Keil.lib(lcd_getex.o)
    0x08005364   0x00000006   Code   RO         5810    i.LCD_GetXSizeEx    STemWin528_CM4_Keil.lib(lcd_getex.o)
    0x0800536a   0x00000006   Code   RO         5815    i.LCD_GetYSizeEx    STemWin528_CM4_Keil.lib(lcd_getex.o)
    0x08005370   0x00000004   Code   RO         5769    i.LCD_GetpPalConvTable  STemWin528_CM4_Keil.lib(lcd_color.o)
    0x08005374   0x00000004   Code   RO         5770    i.LCD_GetpPalConvTableBM  STemWin528_CM4_Keil.lib(lcd_color.o)
    0x08005378   0x00000048   Code   RO         5771    i.LCD_GetpPalConvTableUncached  STemWin528_CM4_Keil.lib(lcd_color.o)
    0x080053c0   0x000000a8   Code   RO          224    i.LCD_IO_Init       stm32f429i_discovery.o
    0x08005468   0x00000058   Code   RO          226    i.LCD_IO_WriteData  stm32f429i_discovery.o
    0x080054c0   0x00000058   Code   RO          227    i.LCD_IO_WriteReg   stm32f429i_discovery.o
    0x08005518   0x0000001c   Code   RO         5737    i.LCD_Index2Color   STemWin528_CM4_Keil.lib(lcd.o)
    0x08005534   0x00000064   Code   RO         5434    i.LCD_Index2Color_8666  STemWin528_CM4_Keil.lib(guicc_8666.o)
    0x08005598   0x00000002   Code   RO         6284    i.LCD_Index2Color_888  STemWin528_CM4_Keil.lib(guicc_888_index2color.o)
    0x0800559a   0x00000002   Code   RO         6286    i.LCD_Index2Color_8888  STemWin528_CM4_Keil.lib(guicc_8888_index2color.o)
    0x0800559c   0x0000002c   Code   RO         5706    i.LCD_Index2Color_M565  STemWin528_CM4_Keil.lib(guicc_m565.o)
    0x080055c8   0x00000014   Code   RO         6288    i.LCD_Index2Color_M888  STemWin528_CM4_Keil.lib(guicc_m888_index2color.o)
    0x080055dc   0x00000034   Code   RO         5772    i.LCD_InitColors    STemWin528_CM4_Keil.lib(lcd_color.o)
    0x08005610   0x0000007c   Code   RO         5773    i.LCD_InitLUT       STemWin528_CM4_Keil.lib(lcd_color.o)
    0x0800568c   0x0000007c   Code   RO         1164    i.LCD_LL_GetPixelformat  lcdconf_stm32f429i_disco_mb1075.o
    0x08005708   0x00000104   Code   RO         1165    i.LCD_MixColorsBulk  lcdconf_stm32f429i_disco_mb1075.o
    0x0800580c   0x00000198   Code   RO         6296    i.LCD_ReadRectEx    STemWin528_CM4_Keil.lib(lcd_readrect.o)
    0x080059a4   0x00000040   Code   RO         6763    i.LCD_SelectLCD     STemWin528_CM4_Keil.lib(lcd_selectlcd.o)
    0x080059e4   0x0000000c   Code   RO         5738    i.LCD_SetBkColor    STemWin528_CM4_Keil.lib(lcd.o)
    0x080059f0   0x00000018   Code   RO         5739    i.LCD_SetBkColorIndex  STemWin528_CM4_Keil.lib(lcd.o)
    0x08005a08   0x00000030   Code   RO         6765    i.LCD_SetClipRectEx  STemWin528_CM4_Keil.lib(lcd_setcliprectex.o)
    0x08005a38   0x0000001c   Code   RO         5740    i.LCD_SetClipRectMax  STemWin528_CM4_Keil.lib(lcd.o)
    0x08005a54   0x0000000c   Code   RO         5741    i.LCD_SetColor      STemWin528_CM4_Keil.lib(lcd.o)
    0x08005a60   0x00000018   Code   RO         5742    i.LCD_SetColorIndex  STemWin528_CM4_Keil.lib(lcd.o)
    0x08005a78   0x0000002c   Code   RO         5874    i.LCD_SetDevFunc    STemWin528_CM4_Keil.lib(lcd_set.o)
    0x08005aa4   0x0000000c   Code   RO         5743    i.LCD_SetDrawMode   STemWin528_CM4_Keil.lib(lcd.o)
    0x08005ab0   0x0000002c   Code   RO         5876    i.LCD_SetLUTEntryEx  STemWin528_CM4_Keil.lib(lcd_set.o)
    0x08005adc   0x0000002c   Code   RO         5878    i.LCD_SetPosEx      STemWin528_CM4_Keil.lib(lcd_set.o)
    0x08005b08   0x0000002c   Code   RO         5880    i.LCD_SetSizeEx     STemWin528_CM4_Keil.lib(lcd_set.o)
    0x08005b34   0x00000028   Code   RO         5882    i.LCD_SetVRAMAddrEx  STemWin528_CM4_Keil.lib(lcd_set.o)
    0x08005b5c   0x0000002c   Code   RO         5884    i.LCD_SetVSizeEx    STemWin528_CM4_Keil.lib(lcd_set.o)
    0x08005b88   0x00000024   Code   RO         6767    i.LCD_UpdateColorIndices  STemWin528_CM4_Keil.lib(lcd_updatecolorindices.o)
    0x08005bac   0x00000208   Code   RO         1166    i.LCD_X_Config      lcdconf_stm32f429i_disco_mb1075.o
    0x08005db4   0x000001e8   Code   RO         1167    i.LCD_X_DisplayDriver  lcdconf_stm32f429i_disco_mb1075.o
    0x08005f9c   0x0000000c   Code   RO         1420    i.LTDC_IRQHandler   stm32f4xx_it.o
    0x08005fa8   0x000001c0   Code   RO         4161    i.LTDC_SetConfig    stm32f4xx_hal_ltdc.o
    0x08006168   0x00000002   Code   RO         1421    i.MemManage_Handler  stm32f4xx_it.o
    0x0800616a   0x00000002   Code   RO         1422    i.NMI_Handler       stm32f4xx_it.o
    0x0800616c   0x000000cc   Code   RO         3837    i.SPI_WaitOnFlagUntilTimeout  stm32f4xx_hal_spi.o
    0x08006238   0x0000009c   Code   RO          228    i.SPIx_Init         stm32f429i_discovery.o
    0x080062d4   0x00000014   Code   RO         1423    i.SysTick_Handler   stm32f4xx_it.o
    0x080062e8   0x00000058   Code   RO         1370    i.SystemInit        system_stm32f4xx.o
    0x08006340   0x00000078   Code   RO         1791    i.TIM2_IRQHandler   mstimer.o
    0x080063b8   0x0000000c   Code   RO         1424    i.TIM3_IRQHandler   stm32f4xx_it.o
    0x080063c4   0x00000028   Code   RO         1792    i.TIM4_IRQHandler   mstimer.o
    0x080063ec   0x000000c4   Code   RO         2425    i.TIM_Base_SetConfig  stm32f4xx_hal_tim.o
    0x080064b0   0x00000002   Code   RO         1425    i.UsageFault_Handler  stm32f4xx_it.o
    0x080064b2   0x00000002   PAD
    0x080064b4   0x00000010   Code   RO         6534    i.WM_Activate       STemWin528_CM4_Keil.lib(wm.o)
    0x080064c4   0x0000007e   Code   RO         6826    i.WM_BringToBottom  STemWin528_CM4_Keil.lib(wm_bringtobottom.o)
    0x08006542   0x00000002   PAD
    0x08006544   0x00000148   Code   RO         6536    i.WM_CreateWindowAsChild  STemWin528_CM4_Keil.lib(wm.o)
    0x0800668c   0x00000014   Code   RO         6537    i.WM_Deactivate     STemWin528_CM4_Keil.lib(wm.o)
    0x080066a0   0x00000046   Code   RO         6538    i.WM_DefaultProc    STemWin528_CM4_Keil.lib(wm.o)
    0x080066e6   0x00000002   PAD
    0x080066e8   0x00000018   Code   RO         6648    i.WM_GetDesktopWindow  STemWin528_CM4_Keil.lib(wm_getdesktopwindow.o)
    0x08006700   0x00000014   Code   RO         7275    i.WM_GetDesktopWindowEx  STemWin528_CM4_Keil.lib(wm_getdesktopwindowex.o)
    0x08006714   0x0000000e   Code   RO         6838    i.WM_GetFirstChild  STemWin528_CM4_Keil.lib(wm_getfirstchild.o)
    0x08006722   0x0000000e   Code   RO         7124    i.WM_GetParent      STemWin528_CM4_Keil.lib(wm_getparent.o)
    0x08006730   0x00000370   Code   RO         6858    i.WM_HandlePID      STemWin528_CM4_Keil.lib(wm_touch.o)
    0x08006aa0   0x000000d4   Code   RO         6543    i.WM_Init           STemWin528_CM4_Keil.lib(wm.o)
    0x08006b74   0x00000076   Code   RO         6544    i.WM_InvalidateRect  STemWin528_CM4_Keil.lib(wm.o)
    0x08006bea   0x00000006   Code   RO         6545    i.WM_InvalidateWindow  STemWin528_CM4_Keil.lib(wm.o)
    0x08006bf0   0x0000005e   Code   RO         6546    i.WM_InvalidateWindowAndDescsEx  STemWin528_CM4_Keil.lib(wm.o)
    0x08006c4e   0x00000004   Code   RO         7130    i.WM_IsWindow       STemWin528_CM4_Keil.lib(wm_iswindow.o)
    0x08006c52   0x00000002   PAD
    0x08006c54   0x00000018   Code   RO         7135    i.WM_PID__SetPrevState  STemWin528_CM4_Keil.lib(wm_pid__getprevstate.o)
    0x08006c6c   0x00000004   Code   RO         7149    i.WM_ReleaseCapture  STemWin528_CM4_Keil.lib(wm_setcapture.o)
    0x08006c70   0x0000000a   Code   RO         7139    i.WM_Screen2hWin    STemWin528_CM4_Keil.lib(wm_screen2win.o)
    0x08006c7a   0x00000002   PAD
    0x08006c7c   0x0000003c   Code   RO         6547    i.WM_SelectWindow   STemWin528_CM4_Keil.lib(wm.o)
    0x08006cb8   0x0000001e   Code   RO         6844    i.WM_SendToParent   STemWin528_CM4_Keil.lib(wm_sendtoparent.o)
    0x08006cd6   0x00000002   PAD
    0x08006cd8   0x00000010   Code   RO         6187    i.WM_SetCreateFlags  STemWin528_CM4_Keil.lib(wm_setcreateflags.o)
    0x08006ce8   0x00000048   Code   RO         6550    i.WM__ActivateClipRect  STemWin528_CM4_Keil.lib(wm.o)
    0x08006d30   0x00000010   Code   RO         6828    i.WM__AddCriticalHandle  STemWin528_CM4_Keil.lib(wm_criticalhandle.o)
    0x08006d40   0x00000010   Code   RO         6551    i.WM__Client2Screen  STemWin528_CM4_Keil.lib(wm.o)
    0x08006d50   0x0000004e   Code   RO         6552    i.WM__ClipAtParentBorders  STemWin528_CM4_Keil.lib(wm.o)
    0x08006d9e   0x00000020   Code   RO         6834    i.WM__GetClientRectEx  STemWin528_CM4_Keil.lib(wm_getclientrect.o)
    0x08006dbe   0x00000018   Code   RO         6555    i.WM__GetClientRectWin  STemWin528_CM4_Keil.lib(wm.o)
    0x08006dd6   0x00000012   Code   RO         7273    i.WM__GetFirstSibling  STemWin528_CM4_Keil.lib(wm__getfirstsibling.o)
    0x08006de8   0x00000040   Code   RO         6556    i.WM__GetNextIVR    STemWin528_CM4_Keil.lib(wm.o)
    0x08006e28   0x00000024   Code   RO         7104    i.WM__GetPrevSibling  STemWin528_CM4_Keil.lib(wm__getprevsibling.o)
    0x08006e4c   0x00000018   Code   RO         6557    i.WM__GetTopLevelLayer  STemWin528_CM4_Keil.lib(wm.o)
    0x08006e64   0x000000f0   Code   RO         6558    i.WM__InitIVRSearch  STemWin528_CM4_Keil.lib(wm.o)
    0x08006f54   0x000000a4   Code   RO         6559    i.WM__InsertWindowIntoList  STemWin528_CM4_Keil.lib(wm.o)
    0x08006ff8   0x00000006   Code   RO         6560    i.WM__Invalidate1Abs  STemWin528_CM4_Keil.lib(wm.o)
    0x08006ffe   0x00000002   PAD
    0x08007000   0x00000054   Code   RO         6561    i.WM__InvalidateDrawAndDescs  STemWin528_CM4_Keil.lib(wm.o)
    0x08007054   0x00000076   Code   RO         6563    i.WM__InvalidateRect  STemWin528_CM4_Keil.lib(wm.o)
    0x080070ca   0x00000006   Code   RO         6564    i.WM__InvalidateRectEx  STemWin528_CM4_Keil.lib(wm.o)
    0x080070d0   0x00000022   Code   RO         7106    i.WM__IsAncestor    STemWin528_CM4_Keil.lib(wm__isancestor.o)
    0x080070f2   0x00000016   Code   RO         7110    i.WM__IsEnabled     STemWin528_CM4_Keil.lib(wm__isenabled.o)
    0x08007108   0x00000068   Code   RO         6859    i.WM__IsInModalArea  STemWin528_CM4_Keil.lib(wm_touch.o)
    0x08007170   0x00000030   Code   RO         7141    i.WM__IsInWindow    STemWin528_CM4_Keil.lib(wm_screen2win.o)
    0x080071a0   0x00000024   Code   RO         6565    i.WM__IsWindow      STemWin528_CM4_Keil.lib(wm.o)
    0x080071c4   0x00000020   Code   RO         6569    i.WM__RectIsNZ      STemWin528_CM4_Keil.lib(wm.o)
    0x080071e4   0x0000002c   Code   RO         7151    i.WM__ReleaseCapture  STemWin528_CM4_Keil.lib(wm_setcapture.o)
    0x08007210   0x0000002c   Code   RO         6829    i.WM__RemoveCriticalHandle  STemWin528_CM4_Keil.lib(wm_criticalhandle.o)
    0x0800723c   0x00000014   Code   RO         6571    i.WM__SelectTopLevelLayer  STemWin528_CM4_Keil.lib(wm.o)
    0x08007250   0x0000003c   Code   RO         6823    i.WM__SendMessage   STemWin528_CM4_Keil.lib(wm__sendmessage.o)
    0x0800728c   0x0000001c   Code   RO         7112    i.WM__SendMessageIfEnabled  STemWin528_CM4_Keil.lib(wm__sendmessageifenabled.o)
    0x080072a8   0x0000000e   Code   RO         6572    i.WM__SendMsgNoData  STemWin528_CM4_Keil.lib(wm.o)
    0x080072b6   0x0000003e   Code   RO         6860    i.WM__SendPIDMessage  STemWin528_CM4_Keil.lib(wm_touch.o)
    0x080072f4   0x00000036   Code   RO         6861    i.WM__SendTouchMessage  STemWin528_CM4_Keil.lib(wm_touch.o)
    0x0800732a   0x00000002   PAD
    0x0800732c   0x0000008c   Code   RO         5539    i._AddFreeMemory    STemWin528_CM4_Keil.lib(gui_alloc.o)
    0x080073b8   0x000000bc   Code   RO         5540    i._Alloc            STemWin528_CM4_Keil.lib(gui_alloc.o)
    0x08007474   0x00000004   Code   RO         6263    i._CalcSizeOfChar   STemWin528_CM4_Keil.lib(gui_uc_encodenone.o)
    0x08007478   0x0000004c   Code   RO         5707    i._Color2IndexBulk  STemWin528_CM4_Keil.lib(guicc_m565.o)
    0x080074c4   0x00000034   Code   RO         5720    i._Color2IndexBulk  STemWin528_CM4_Keil.lib(guicc_m888.o)
    0x080074f8   0x00000044   Code   RO         5422    i._Color2IndexBulk_1616I  STemWin528_CM4_Keil.lib(guicc_1616i.o)
    0x0800753c   0x00000038   Code   RO         5440    i._Color2IndexBulk_88666I  STemWin528_CM4_Keil.lib(guicc_88666i.o)
    0x08007574   0x0000005c   Code   RO         5452    i._Color2IndexBulk_M1555I  STemWin528_CM4_Keil.lib(guicc_m1555i.o)
    0x080075d0   0x00000058   Code   RO         5466    i._Color2IndexBulk_M4444I  STemWin528_CM4_Keil.lib(guicc_m4444i.o)
    0x08007628   0x00000044   Code   RO         5480    i._Color2IndexBulk_M8888I  STemWin528_CM4_Keil.lib(guicc_m8888i.o)
    0x0800766c   0x00000054   Code   RO         6275    i._Color2Index_0    STemWin528_CM4_Keil.lib(guicc_0.o)
    0x080076c0   0x00000072   Code   RO         6189    i._Color2Index_16   STemWin528_CM4_Keil.lib(guicc_16.o)
    0x08007732   0x00000002   PAD
    0x08007734   0x00000028   Code   RO         5423    i._Color2Index_1616I  STemWin528_CM4_Keil.lib(guicc_1616i.o)
    0x0800775c   0x00000020   Code   RO         5441    i._Color2Index_88666I  STemWin528_CM4_Keil.lib(guicc_88666i.o)
    0x0800777c   0x00000038   Code   RO         5453    i._Color2Index_M1555I  STemWin528_CM4_Keil.lib(guicc_m1555i.o)
    0x080077b4   0x0000003a   Code   RO         5467    i._Color2Index_M4444I  STemWin528_CM4_Keil.lib(guicc_m4444i.o)
    0x080077ee   0x00000002   PAD
    0x080077f0   0x0000002c   Code   RO         5708    i._Color2Index_M565  STemWin528_CM4_Keil.lib(guicc_m565.o)
    0x0800781c   0x00000014   Code   RO         5721    i._Color2Index_M888  STemWin528_CM4_Keil.lib(guicc_m888.o)
    0x08007830   0x00000020   Code   RO         5481    i._Color2Index_M8888I  STemWin528_CM4_Keil.lib(guicc_m8888i.o)
    0x08007850   0x00000050   Code   RO         5912    i._CopyBuffer       STemWin528_CM4_Keil.lib(guidrv_lin_32.o)
    0x080078a0   0x000000a2   Code   RO         7181    i._CreateBuffer     STemWin528_CM4_Keil.lib(gui_sprite.o)
    0x08007942   0x00000002   PAD
    0x08007944   0x00000014   Code   RO         6244    i._DecPointer       STemWin528_CM4_Keil.lib(gui_pid.o)
    0x08007958   0x00000020   Code   RO         6574    i._DesktopHandle2Index  STemWin528_CM4_Keil.lib(wm.o)
    0x08007978   0x00000074   Code   RO         6683    i._DispLine         STemWin528_CM4_Keil.lib(gui_charline.o)
    0x080079ec   0x00000104   Code   RO         5913    i._DrawBitLine1BPP  STemWin528_CM4_Keil.lib(guidrv_lin_32.o)
    0x08007af0   0x0000011c   Code   RO         6499    i._DrawBitLine1BPP  STemWin528_CM4_Keil.lib(guidev_32.o)
    0x08007c0c   0x00000094   Code   RO         5914    i._DrawBitLine2BPP  STemWin528_CM4_Keil.lib(guidrv_lin_32.o)
    0x08007ca0   0x000000e0   Code   RO         6500    i._DrawBitLine2BPP  STemWin528_CM4_Keil.lib(guidev_32.o)
    0x08007d80   0x00000094   Code   RO         6501    i._DrawBitLine32BPP_DDB  STemWin528_CM4_Keil.lib(guidev_32.o)
    0x08007e14   0x0000009c   Code   RO         5915    i._DrawBitLine4BPP  STemWin528_CM4_Keil.lib(guidrv_lin_32.o)
    0x08007eb0   0x00000158   Code   RO         6502    i._DrawBitLine4BPP  STemWin528_CM4_Keil.lib(guidev_32.o)
    0x08008008   0x000000f0   Code   RO         5916    i._DrawBitLine8BPP  STemWin528_CM4_Keil.lib(guidrv_lin_32.o)
    0x080080f8   0x00000188   Code   RO         5917    i._DrawBitmap       STemWin528_CM4_Keil.lib(guidrv_lin_32.o)
    0x08008280   0x000002a4   Code   RO         6503    i._DrawBitmap       STemWin528_CM4_Keil.lib(guidev_32.o)
    0x08008524   0x0000000a   Code   RO         5918    i._DrawHLine        STemWin528_CM4_Keil.lib(guidrv_lin_32.o)
    0x0800852e   0x0000000a   Code   RO         6504    i._DrawHLine        STemWin528_CM4_Keil.lib(guidev_32.o)
    0x08008538   0x0000000c   Code   RO         5919    i._DrawVLine        STemWin528_CM4_Keil.lib(guidrv_lin_32.o)
    0x08008544   0x000000ac   Code   RO         6505    i._DrawVLine        STemWin528_CM4_Keil.lib(guidev_32.o)
    0x080085f0   0x00000006   Code   RO         6264    i._Encode           STemWin528_CM4_Keil.lib(gui_uc_encodenone.o)
    0x080085f6   0x00000002   PAD
    0x080085f8   0x00000098   Code   RO         5541    i._EnlargeBlocks    STemWin528_CM4_Keil.lib(gui_alloc.o)
    0x08008690   0x00000028   Code   RO         5920    i._FillRect         STemWin528_CM4_Keil.lib(guidrv_lin_32.o)
    0x080086b8   0x000000a4   Code   RO         6506    i._FillRect         STemWin528_CM4_Keil.lib(guidev_32.o)
    0x0800875c   0x000000d4   Code   RO         5921    i._FillRectOpt32    STemWin528_CM4_Keil.lib(guidrv_lin_32.o)
    0x08008830   0x00000148   Code   RO         6577    i._FindNext_IVR     STemWin528_CM4_Keil.lib(wm.o)
    0x08008978   0x0000007c   Code   RO         6578    i._Findx0           STemWin528_CM4_Keil.lib(wm.o)
    0x080089f4   0x00000072   Code   RO         6579    i._Findx1           STemWin528_CM4_Keil.lib(wm.o)
    0x08008a66   0x000000a6   Code   RO         6580    i._Findy1           STemWin528_CM4_Keil.lib(wm.o)
    0x08008b0c   0x00000074   Code   RO         7187    i._FlushBuffer      STemWin528_CM4_Keil.lib(gui_sprite.o)
    0x08008b80   0x0000006c   Code   RO         7188    i._GetBkIndex       STemWin528_CM4_Keil.lib(gui_sprite.o)
    0x08008bec   0x00000080   Code   RO         7189    i._GetBkIndexAlpha  STemWin528_CM4_Keil.lib(gui_sprite.o)
    0x08008c6c   0x00000004   Code   RO         6265    i._GetCharCode      STemWin528_CM4_Keil.lib(gui_uc_encodenone.o)
    0x08008c70   0x00000004   Code   RO         6266    i._GetCharSize      STemWin528_CM4_Keil.lib(gui_uc_encodenone.o)
    0x08008c74   0x00000010   Code   RO         5922    i._GetDevData       STemWin528_CM4_Keil.lib(guidrv_lin_32.o)
    0x08008c84   0x00000010   Code   RO         6507    i._GetDevData       STemWin528_CM4_Keil.lib(guidev_32.o)
    0x08008c94   0x000000dc   Code   RO         5923    i._GetDevFunc       STemWin528_CM4_Keil.lib(guidrv_lin_32.o)
    0x08008d70   0x00000010   Code   RO         6508    i._GetDevFunc       STemWin528_CM4_Keil.lib(guidev_32.o)
    0x08008d80   0x0000001e   Code   RO         5821    i._GetDevProp       STemWin528_CM4_Keil.lib(lcd_getex.o)
    0x08008d9e   0x0000003c   Code   RO         5924    i._GetDevProp       STemWin528_CM4_Keil.lib(guidrv_lin_32.o)
    0x08008dda   0x0000000c   Code   RO         6509    i._GetDevProp       STemWin528_CM4_Keil.lib(guidev_32.o)
    0x08008de6   0x00000002   PAD
    0x08008de8   0x00000040   Code   RO         7195    i._GetDeviceRect    STemWin528_CM4_Keil.lib(gui_sprite.o)
    0x08008e28   0x00000052   Code   RO         6276    i._GetIndexMask_0   STemWin528_CM4_Keil.lib(guicc_0.o)
    0x08008e7a   0x00000004   Code   RO         6190    i._GetIndexMask_16  STemWin528_CM4_Keil.lib(guicc_16.o)
    0x08008e7e   0x00000004   Code   RO         5424    i._GetIndexMask_1616I  STemWin528_CM4_Keil.lib(guicc_1616i.o)
    0x08008e82   0x00000004   Code   RO         5435    i._GetIndexMask_8666  STemWin528_CM4_Keil.lib(guicc_8666.o)
    0x08008e86   0x00000006   Code   RO         5442    i._GetIndexMask_88666I  STemWin528_CM4_Keil.lib(guicc_88666i.o)
    0x08008e8c   0x00000006   Code   RO         5454    i._GetIndexMask_M1555I  STemWin528_CM4_Keil.lib(guicc_m1555i.o)
    0x08008e92   0x00000006   Code   RO         5468    i._GetIndexMask_M4444I  STemWin528_CM4_Keil.lib(guicc_m4444i.o)
    0x08008e98   0x00000006   Code   RO         5709    i._GetIndexMask_M565  STemWin528_CM4_Keil.lib(guicc_m565.o)
    0x08008e9e   0x00000006   Code   RO         5722    i._GetIndexMask_M888  STemWin528_CM4_Keil.lib(guicc_m888.o)
    0x08008ea4   0x00000006   Code   RO         5482    i._GetIndexMask_M8888I  STemWin528_CM4_Keil.lib(guicc_m8888i.o)
    0x08008eaa   0x0000001e   Code   RO         5822    i._GetMaxValue      STemWin528_CM4_Keil.lib(lcd_getex.o)
    0x08008ec8   0x0000001c   Code   RO         5542    i._GetMinIndex      STemWin528_CM4_Keil.lib(gui_alloc.o)
    0x08008ee4   0x00000010   Code   RO         5925    i._GetPixelIndex    STemWin528_CM4_Keil.lib(guidrv_lin_32.o)
    0x08008ef4   0x0000000e   Code   RO         6510    i._GetPixelIndex    STemWin528_CM4_Keil.lib(guidev_32.o)
    0x08008f02   0x0000001c   Code   RO         5926    i._GetPos           STemWin528_CM4_Keil.lib(guidrv_lin_32.o)
    0x08008f1e   0x00000016   Code   RO         5927    i._GetRect          STemWin528_CM4_Keil.lib(guidrv_lin_32.o)
    0x08008f34   0x00000030   Code   RO         6511    i._GetRect          STemWin528_CM4_Keil.lib(guidev_32.o)
    0x08008f64   0x00000010   Code   RO         6231    i._GotoX            STemWin528_CM4_Keil.lib(gui_goto.o)
    0x08008f74   0x00000010   Code   RO         6232    i._GotoY            STemWin528_CM4_Keil.lib(gui_goto.o)
    0x08008f84   0x00000014   Code   RO         6245    i._IncPointer       STemWin528_CM4_Keil.lib(gui_pid.o)
    0x08008f98   0x00000058   Code   RO         5710    i._Index2ColorBulk  STemWin528_CM4_Keil.lib(guicc_m565.o)
    0x08008ff0   0x00000034   Code   RO         5723    i._Index2ColorBulk  STemWin528_CM4_Keil.lib(guicc_m888.o)
    0x08009024   0x0000004c   Code   RO         5425    i._Index2ColorBulk_1616I  STemWin528_CM4_Keil.lib(guicc_1616i.o)
    0x08009070   0x00000044   Code   RO         5443    i._Index2ColorBulk_88666I  STemWin528_CM4_Keil.lib(guicc_88666i.o)
    0x080090b4   0x0000005c   Code   RO         5455    i._Index2ColorBulk_M1555I  STemWin528_CM4_Keil.lib(guicc_m1555i.o)
    0x08009110   0x0000005c   Code   RO         5469    i._Index2ColorBulk_M4444I  STemWin528_CM4_Keil.lib(guicc_m4444i.o)
    0x0800916c   0x00000044   Code   RO         5483    i._Index2ColorBulk_M8888I  STemWin528_CM4_Keil.lib(guicc_m8888i.o)
    0x080091b0   0x00000020   Code   RO         6277    i._Index2Color_0    STemWin528_CM4_Keil.lib(guicc_0.o)
    0x080091d0   0x00000036   Code   RO         6191    i._Index2Color_16   STemWin528_CM4_Keil.lib(guicc_16.o)
    0x08009206   0x00000002   PAD
    0x08009208   0x00000028   Code   RO         5426    i._Index2Color_1616I  STemWin528_CM4_Keil.lib(guicc_1616i.o)
    0x08009230   0x00000020   Code   RO         5444    i._Index2Color_88666I  STemWin528_CM4_Keil.lib(guicc_88666i.o)
    0x08009250   0x00000030   Code   RO         5456    i._Index2Color_M1555I  STemWin528_CM4_Keil.lib(guicc_m1555i.o)
    0x08009280   0x00000030   Code   RO         5470    i._Index2Color_M4444I  STemWin528_CM4_Keil.lib(guicc_m4444i.o)
    0x080092b0   0x00000020   Code   RO         5484    i._Index2Color_M8888I  STemWin528_CM4_Keil.lib(guicc_m8888i.o)
    0x080092d0   0x00000018   Code   RO         5928    i._Init             STemWin528_CM4_Keil.lib(guidrv_lin_32.o)
    0x080092e8   0x00000070   Code   RO         5598    i._InitContext      STemWin528_CM4_Keil.lib(gui_core.o)
    0x08009358   0x000000a8   Code   RO         5543    i._InitOnce         STemWin528_CM4_Keil.lib(gui_alloc.o)
    0x08009400   0x00000024   Code   RO         5929    i._InitOnce         STemWin528_CM4_Keil.lib(guidrv_lin_32.o)
    0x08009424   0x00000080   Code   RO         6581    i._Invalidate1Abs   STemWin528_CM4_Keil.lib(wm.o)
    0x080094a4   0x00000080   Code   RO         1168    i._LCD_GetpPalConvTable  lcdconf_stm32f429i_disco_mb1075.o
    0x08009524   0x00000002   Code   RO         6684    i._Log2VisBuffered  STemWin528_CM4_Keil.lib(gui_charline.o)
    0x08009526   0x0000000a   Code   RO         5930    i._Off              STemWin528_CM4_Keil.lib(guidrv_lin_32.o)
    0x08009530   0x0000000a   Code   RO         5931    i._On               STemWin528_CM4_Keil.lib(guidrv_lin_32.o)
    0x0800953a   0x00000002   PAD
    0x0800953c   0x00000028   Code   RO         5502    i._OnExit           STemWin528_CM4_Keil.lib(gui__alpha.o)
    0x08009564   0x00000034   Code   RO         5544    i._OnExit           STemWin528_CM4_Keil.lib(gui_alloc.o)
    0x08009598   0x0000002c   Code   RO         5599    i._OnExit           STemWin528_CM4_Keil.lib(gui_core.o)
    0x080095c4   0x00000014   Code   RO         5775    i._OnExit           STemWin528_CM4_Keil.lib(lcd_color.o)
    0x080095d8   0x00000034   Code   RO         6582    i._OnExit           STemWin528_CM4_Keil.lib(wm.o)
    0x0800960c   0x00000040   Code   RO         5545    i._PopFreeBlock     STemWin528_CM4_Keil.lib(gui_alloc.o)
    0x0800964c   0x00000028   Code   RO         5546    i._PushFreeBlock    STemWin528_CM4_Keil.lib(gui_alloc.o)
    0x08009674   0x00000030   Code   RO         5932    i._ReadRect         STemWin528_CM4_Keil.lib(guidrv_lin_32.o)
    0x080096a4   0x0000001c   Code   RO         7200    i._ReleaseBuffer    STemWin528_CM4_Keil.lib(gui_sprite.o)
    0x080096c0   0x00000034   Code   RO         5547    i._RemoveFreeBlock  STemWin528_CM4_Keil.lib(gui_alloc.o)
    0x080096f4   0x000000a0   Code   RO         5548    i._RemoveHoles      STemWin528_CM4_Keil.lib(gui_alloc.o)
    0x08009794   0x0000005a   Code   RO         7142    i._Screen2hWin      STemWin528_CM4_Keil.lib(wm_screen2win.o)
    0x080097ee   0x00000002   PAD
    0x080097f0   0x00000024   Code   RO         7143    i._Screen2hWinStop  STemWin528_CM4_Keil.lib(wm_screen2win.o)
    0x08009814   0x00000026   Code   RO         5933    i._SetAlpha         STemWin528_CM4_Keil.lib(guidrv_lin_32.o)
    0x0800983a   0x00000010   Code   RO         5934    i._SetAlphaMode     STemWin528_CM4_Keil.lib(guidrv_lin_32.o)
    0x0800984a   0x00000002   PAD
    0x0800984c   0x00000020   Code   RO         5745    i._SetBkColor       STemWin528_CM4_Keil.lib(lcd.o)
    0x0800986c   0x0000004a   Code   RO         7203    i._SetBkIndexBuffered  STemWin528_CM4_Keil.lib(gui_sprite.o)
    0x080098b6   0x00000012   Code   RO         5935    i._SetChroma        STemWin528_CM4_Keil.lib(guidrv_lin_32.o)
    0x080098c8   0x00000010   Code   RO         5936    i._SetChromaMode    STemWin528_CM4_Keil.lib(guidrv_lin_32.o)
    0x080098d8   0x0000004c   Code   RO         6586    i._SetClipRectUserIntersect  STemWin528_CM4_Keil.lib(wm.o)
    0x08009924   0x00000020   Code   RO         5746    i._SetColor         STemWin528_CM4_Keil.lib(lcd.o)
    0x08009944   0x00000044   Code   RO         5937    i._SetDevFunc       STemWin528_CM4_Keil.lib(guidrv_lin_32.o)
    0x08009988   0x0000002c   Code   RO         5747    i._SetDrawMode      STemWin528_CM4_Keil.lib(lcd.o)
    0x080099b4   0x000000a4   Code   RO         5938    i._SetOrg           STemWin528_CM4_Keil.lib(guidrv_lin_32.o)
    0x08009a58   0x00000008   Code   RO         6512    i._SetOrg           STemWin528_CM4_Keil.lib(guidev_32.o)
    0x08009a60   0x00000012   Code   RO         5939    i._SetPixelIndex    STemWin528_CM4_Keil.lib(guidrv_lin_32.o)
    0x08009a72   0x00000002   PAD
    0x08009a74   0x00000048   Code   RO         6513    i._SetPixelIndex    STemWin528_CM4_Keil.lib(guidev_32.o)
    0x08009abc   0x0000002e   Code   RO         5940    i._SetPos           STemWin528_CM4_Keil.lib(guidrv_lin_32.o)
    0x08009aea   0x00000002   PAD
    0x08009aec   0x0000045c   Code   RO         7206    i._SetPosition      STemWin528_CM4_Keil.lib(gui_sprite.o)
    0x08009f48   0x00000044   Code   RO         5941    i._SetSize          STemWin528_CM4_Keil.lib(guidrv_lin_32.o)
    0x08009f8c   0x00000028   Code   RO         5942    i._SetVRAMAddr      STemWin528_CM4_Keil.lib(guidrv_lin_32.o)
    0x08009fb4   0x0000002a   Code   RO         5943    i._SetVSize         STemWin528_CM4_Keil.lib(guidrv_lin_32.o)
    0x08009fde   0x00000026   Code   RO         5944    i._SetVis           STemWin528_CM4_Keil.lib(guidrv_lin_32.o)
    0x0800a004   0x00000024   Code   RO         5945    i._ShowBuffer       STemWin528_CM4_Keil.lib(guidrv_lin_32.o)
    0x0800a028   0x00000068   Code   RO         6246    i._StoreState       STemWin528_CM4_Keil.lib(gui_pid.o)
    0x0800a090   0x000000ea   Code   RO         5549    i._TestRAM          STemWin528_CM4_Keil.lib(gui_alloc.o)
    0x0800a17a   0x00000002   PAD
    0x0800a17c   0x00000030   Code   RO         5634    i._UnlinkDevice     STemWin528_CM4_Keil.lib(gui_device.o)
    0x0800a1ac   0x0000000e   Code   RO         5550    i._WriteTagData     STemWin528_CM4_Keil.lib(gui_alloc.o)
    0x0800a1ba   0x00000002   PAD
    0x0800a1bc   0x0000003c   Code   RO         6514    i._XY2PTR           STemWin528_CM4_Keil.lib(guidev_32.o)
    0x0800a1f8   0x00000028   Code   RO         5946    i._XorPixel         STemWin528_CM4_Keil.lib(guidrv_lin_32.o)
    0x0800a220   0x00000058   Code   RO         6515    i._XorPixel         STemWin528_CM4_Keil.lib(guidev_32.o)
    0x0800a278   0x00000028   Code   RO         7478    i.__0sprintf$6      mc_w.l(printf6.o)
    0x0800a2a0   0x0000000e   Code   RO         7626    i.__scatterload_copy  mc_w.l(handlers.o)
    0x0800a2ae   0x00000002   Code   RO         7627    i.__scatterload_null  mc_w.l(handlers.o)
    0x0800a2b0   0x0000000e   Code   RO         7628    i.__scatterload_zeroinit  mc_w.l(handlers.o)
    0x0800a2be   0x00000002   PAD
    0x0800a2c0   0x000002f0   Code   RO         7483    i._printf_core      mc_w.l(printf6.o)
    0x0800a5b0   0x00000024   Code   RO         7484    i._printf_post_padding  mc_w.l(printf6.o)
    0x0800a5d4   0x0000002e   Code   RO         7485    i._printf_pre_padding  mc_w.l(printf6.o)
    0x0800a602   0x0000000a   Code   RO         7487    i._sputc            mc_w.l(printf6.o)
    0x0800a60c   0x000000d0   Code   RO         1562    i.calculateMSecPerDay  dcf77.o
    0x0800a6dc   0x00000050   Code   RO         6588    i.cbBackWin         STemWin528_CM4_Keil.lib(wm.o)
    0x0800a72c   0x0000003c   Code   RO         1637    i.dcf77init         dcf77.o
    0x0800a768   0x000001a8   Code   RO         1563    i.dcf77msTask       dcf77.o
    0x0800a910   0x00000002   Code   RO         1566    i.dcf77timeReceived  dcf77.o
    0x0800a912   0x00000002   PAD
    0x0800a914   0x000000a0   Code   RO         1735    i.dcf77work         dfc_main.o
    0x0800a9b4   0x000002a0   Code   RO         1568    i.decodeBuf         dcf77.o
    0x0800ac54   0x00000048   Code   RO         1672    i.delayInit         delay.o
    0x0800ac9c   0x00000024   Code   RO         1673    i.delayMS           delay.o
    0x0800acc0   0x0000008a   Code   RO         5748    i.emWin_LCD_Init    STemWin528_CM4_Keil.lib(lcd.o)
    0x0800ad4a   0x00000002   PAD
    0x0800ad4c   0x0000001c   Code   RO         1676    i.endCountUS        delay.o
    0x0800ad68   0x00000320   Code   RO         1569    i.getBit            dcf77.o
    0x0800b088   0x0000003c   Code   RO         1570    i.getDigits         dcf77.o
    0x0800b0c4   0x00000068   Code   RO         1736    i.hiMSTick          dfc_main.o
    0x0800b12c   0x00000292   Code   RO          997    i.ili9341_Init      ili9341.o
    0x0800b3be   0x00000002   PAD
    0x0800b3c0   0x00000444   Code   RO         1738    i.loMSTick          dfc_main.o
    0x0800b804   0x00000134   Code   RO         1855    i.localtime2        time2.o
    0x0800b938   0x00000100   Code   RO         1497    i.main              main.o
    0x0800ba38   0x000000dc   Code   RO         1856    i.mktime2           time2.o
    0x0800bb14   0x000000e4   Code   RO         1795    i.msInit            mstimer.o
    0x0800bbf8   0x00000064   Code   RO         1796    i.msSetMSecPerDay   mstimer.o
    0x0800bc5c   0x00000014   Code   RO         1677    i.startCountUS      delay.o
    0x0800bc70   0x00000070   Code   RO          809    i.stmpe811_Init     stmpe811.o
    0x0800bce0   0x00000020   Code   RO          811    i.stmpe811_ReadID   stmpe811.o
    0x0800bd00   0x00000028   Code   RO          812    i.stmpe811_Reset    stmpe811.o
    0x0800bd28   0x0000000a   Code   RO          815    i.stmpe811_TS_ClearIT  stmpe811.o
    0x0800bd32   0x00000038   Code   RO          816    i.stmpe811_TS_DetectTouch  stmpe811.o
    0x0800bd6a   0x00000030   Code   RO          817    i.stmpe811_TS_DisableIT  stmpe811.o
    0x0800bd9a   0x00000034   Code   RO          818    i.stmpe811_TS_EnableIT  stmpe811.o
    0x0800bdce   0x0000003e   Code   RO          819    i.stmpe811_TS_GetXY  stmpe811.o
    0x0800be0c   0x00000010   Code   RO          820    i.stmpe811_TS_ITStatus  stmpe811.o
    0x0800be1c   0x000000ae   Code   RO          821    i.stmpe811_TS_Start  stmpe811.o
    0x0800beca   0x00000002   PAD
    0x0800becc   0x000001e0   Code   RO         1571    i.sync              dcf77.o
    0x0800c0ac   0x0000001e   Code   RO         1857    i.time2msSub        time2.o
    0x0800c0ca   0x00000008   Data   RO          230    .constdata          stm32f429i_discovery.o
    0x0800c0d2   0x00000030   Data   RO         1859    .constdata          time2.o
    0x0800c102   0x00000020   Data   RO         1860    .constdata          time2.o
    0x0800c122   0x00000010   Data   RO         4389    .constdata          stm32f4xx_hal_rcc.o
    0x0800c132   0x00000008   Data   RO         5361    .constdata          stm32f4xx_hal_dma.o
    0x0800c13a   0x00000002   PAD
    0x0800c13c   0x00000018   Data   RO         5427    .constdata          STemWin528_CM4_Keil.lib(guicc_1616i.o)
    0x0800c154   0x00000018   Data   RO         5436    .constdata          STemWin528_CM4_Keil.lib(guicc_8666.o)
    0x0800c16c   0x00000018   Data   RO         5445    .constdata          STemWin528_CM4_Keil.lib(guicc_88666i.o)
    0x0800c184   0x00000018   Data   RO         5457    .constdata          STemWin528_CM4_Keil.lib(guicc_m1555i.o)
    0x0800c19c   0x00000018   Data   RO         5471    .constdata          STemWin528_CM4_Keil.lib(guicc_m4444i.o)
    0x0800c1b4   0x00000018   Data   RO         5485    .constdata          STemWin528_CM4_Keil.lib(guicc_m8888i.o)
    0x0800c1cc   0x00000008   Data   RO         5601    .constdata          STemWin528_CM4_Keil.lib(gui_core.o)
    0x0800c1d4   0x00000018   Data   RO         5711    .constdata          STemWin528_CM4_Keil.lib(guicc_m565.o)
    0x0800c1ec   0x00000018   Data   RO         5724    .constdata          STemWin528_CM4_Keil.lib(guicc_m888.o)
    0x0800c204   0x0000000c   Data   RO         5749    .constdata          STemWin528_CM4_Keil.lib(lcd.o)
    0x0800c210   0x00000034   Data   RO         5947    .constdata          STemWin528_CM4_Keil.lib(guidrv_lin_32.o)
    0x0800c244   0x00000518   Data   RO         5983    .constdata          STemWin528_CM4_Keil.lib(f6x8.o)
    0x0800c75c   0x000001c0   Data   RO         5984    .constdata          STemWin528_CM4_Keil.lib(f6x8.o)
    0x0800c91c   0x00000008   Data   RO         5985    .constdata          STemWin528_CM4_Keil.lib(f6x8.o)
    0x0800c924   0x00000014   Data   RO         5986    .constdata          STemWin528_CM4_Keil.lib(f6x8.o)
    0x0800c938   0x00000024   Data   RO         5987    .constdata          STemWin528_CM4_Keil.lib(f6x8.o)
    0x0800c95c   0x00000010   Data   RO         5989    .constdata          STemWin528_CM4_Keil.lib(f16b_1.o)
    0x0800c96c   0x00000010   Data   RO         5990    .constdata          STemWin528_CM4_Keil.lib(f16b_1.o)
    0x0800c97c   0x00000010   Data   RO         5991    .constdata          STemWin528_CM4_Keil.lib(f16b_1.o)
    0x0800c98c   0x00000010   Data   RO         5992    .constdata          STemWin528_CM4_Keil.lib(f16b_1.o)
    0x0800c99c   0x00000010   Data   RO         5993    .constdata          STemWin528_CM4_Keil.lib(f16b_1.o)
    0x0800c9ac   0x00000010   Data   RO         5994    .constdata          STemWin528_CM4_Keil.lib(f16b_1.o)
    0x0800c9bc   0x00000010   Data   RO         5995    .constdata          STemWin528_CM4_Keil.lib(f16b_1.o)
    0x0800c9cc   0x00000010   Data   RO         5996    .constdata          STemWin528_CM4_Keil.lib(f16b_1.o)
    0x0800c9dc   0x00000010   Data   RO         5997    .constdata          STemWin528_CM4_Keil.lib(f16b_1.o)
    0x0800c9ec   0x00000020   Data   RO         5998    .constdata          STemWin528_CM4_Keil.lib(f16b_1.o)
    0x0800ca0c   0x00000010   Data   RO         5999    .constdata          STemWin528_CM4_Keil.lib(f16b_1.o)
    0x0800ca1c   0x00000010   Data   RO         6000    .constdata          STemWin528_CM4_Keil.lib(f16b_1.o)
    0x0800ca2c   0x00000010   Data   RO         6001    .constdata          STemWin528_CM4_Keil.lib(f16b_1.o)
    0x0800ca3c   0x00000010   Data   RO         6002    .constdata          STemWin528_CM4_Keil.lib(f16b_1.o)
    0x0800ca4c   0x00000020   Data   RO         6003    .constdata          STemWin528_CM4_Keil.lib(f16b_1.o)
    0x0800ca6c   0x00000010   Data   RO         6004    .constdata          STemWin528_CM4_Keil.lib(f16b_1.o)
    0x0800ca7c   0x00000010   Data   RO         6005    .constdata          STemWin528_CM4_Keil.lib(f16b_1.o)
    0x0800ca8c   0x00000010   Data   RO         6006    .constdata          STemWin528_CM4_Keil.lib(f16b_1.o)
    0x0800ca9c   0x00000010   Data   RO         6007    .constdata          STemWin528_CM4_Keil.lib(f16b_1.o)
    0x0800caac   0x00000010   Data   RO         6008    .constdata          STemWin528_CM4_Keil.lib(f16b_1.o)
    0x0800cabc   0x00000010   Data   RO         6009    .constdata          STemWin528_CM4_Keil.lib(f16b_1.o)
    0x0800cacc   0x00000010   Data   RO         6010    .constdata          STemWin528_CM4_Keil.lib(f16b_1.o)
    0x0800cadc   0x00000010   Data   RO         6011    .constdata          STemWin528_CM4_Keil.lib(f16b_1.o)
    0x0800caec   0x00000010   Data   RO         6012    .constdata          STemWin528_CM4_Keil.lib(f16b_1.o)
    0x0800cafc   0x00000010   Data   RO         6013    .constdata          STemWin528_CM4_Keil.lib(f16b_1.o)
    0x0800cb0c   0x00000010   Data   RO         6014    .constdata          STemWin528_CM4_Keil.lib(f16b_1.o)
    0x0800cb1c   0x00000010   Data   RO         6015    .constdata          STemWin528_CM4_Keil.lib(f16b_1.o)
    0x0800cb2c   0x00000010   Data   RO         6016    .constdata          STemWin528_CM4_Keil.lib(f16b_1.o)
    0x0800cb3c   0x00000020   Data   RO         6017    .constdata          STemWin528_CM4_Keil.lib(f16b_1.o)
    0x0800cb5c   0x00000020   Data   RO         6018    .constdata          STemWin528_CM4_Keil.lib(f16b_1.o)
    0x0800cb7c   0x00000020   Data   RO         6019    .constdata          STemWin528_CM4_Keil.lib(f16b_1.o)
    0x0800cb9c   0x00000010   Data   RO         6020    .constdata          STemWin528_CM4_Keil.lib(f16b_1.o)
    0x0800cbac   0x00000020   Data   RO         6021    .constdata          STemWin528_CM4_Keil.lib(f16b_1.o)
    0x0800cbcc   0x00000020   Data   RO         6022    .constdata          STemWin528_CM4_Keil.lib(f16b_1.o)
    0x0800cbec   0x00000020   Data   RO         6023    .constdata          STemWin528_CM4_Keil.lib(f16b_1.o)
    0x0800cc0c   0x00000020   Data   RO         6024    .constdata          STemWin528_CM4_Keil.lib(f16b_1.o)
    0x0800cc2c   0x00000020   Data   RO         6025    .constdata          STemWin528_CM4_Keil.lib(f16b_1.o)
    0x0800cc4c   0x00000020   Data   RO         6026    .constdata          STemWin528_CM4_Keil.lib(f16b_1.o)
    0x0800cc6c   0x00000020   Data   RO         6027    .constdata          STemWin528_CM4_Keil.lib(f16b_1.o)
    0x0800cc8c   0x00000020   Data   RO         6028    .constdata          STemWin528_CM4_Keil.lib(f16b_1.o)
    0x0800ccac   0x00000010   Data   RO         6029    .constdata          STemWin528_CM4_Keil.lib(f16b_1.o)
    0x0800ccbc   0x00000010   Data   RO         6030    .constdata          STemWin528_CM4_Keil.lib(f16b_1.o)
    0x0800cccc   0x00000010   Data   RO         6031    .constdata          STemWin528_CM4_Keil.lib(f16b_1.o)
    0x0800ccdc   0x00000010   Data   RO         6032    .constdata          STemWin528_CM4_Keil.lib(f16b_1.o)
    0x0800ccec   0x00000010   Data   RO         6033    .constdata          STemWin528_CM4_Keil.lib(f16b_1.o)
    0x0800ccfc   0x00000010   Data   RO         6034    .constdata          STemWin528_CM4_Keil.lib(f16b_1.o)
    0x0800cd0c   0x00000010   Data   RO         6035    .constdata          STemWin528_CM4_Keil.lib(f16b_1.o)
    0x0800cd1c   0x00000010   Data   RO         6036    .constdata          STemWin528_CM4_Keil.lib(f16b_1.o)
    0x0800cd2c   0x00000020   Data   RO         6037    .constdata          STemWin528_CM4_Keil.lib(f16b_1.o)
    0x0800cd4c   0x00000020   Data   RO         6038    .constdata          STemWin528_CM4_Keil.lib(f16b_1.o)
    0x0800cd6c   0x00000020   Data   RO         6039    .constdata          STemWin528_CM4_Keil.lib(f16b_1.o)
    0x0800cd8c   0x00000020   Data   RO         6040    .constdata          STemWin528_CM4_Keil.lib(f16b_1.o)
    0x0800cdac   0x00000020   Data   RO         6041    .constdata          STemWin528_CM4_Keil.lib(f16b_1.o)
    0x0800cdcc   0x00000020   Data   RO         6042    .constdata          STemWin528_CM4_Keil.lib(f16b_1.o)
    0x0800cdec   0x00000020   Data   RO         6043    .constdata          STemWin528_CM4_Keil.lib(f16b_1.o)
    0x0800ce0c   0x00000010   Data   RO         6044    .constdata          STemWin528_CM4_Keil.lib(f16b_1.o)
    0x0800ce1c   0x00000020   Data   RO         6045    .constdata          STemWin528_CM4_Keil.lib(f16b_1.o)
    0x0800ce3c   0x00000020   Data   RO         6046    .constdata          STemWin528_CM4_Keil.lib(f16b_1.o)
    0x0800ce5c   0x00000020   Data   RO         6047    .constdata          STemWin528_CM4_Keil.lib(f16b_1.o)
    0x0800ce7c   0x00000020   Data   RO         6048    .constdata          STemWin528_CM4_Keil.lib(f16b_1.o)
    0x0800ce9c   0x00000020   Data   RO         6049    .constdata          STemWin528_CM4_Keil.lib(f16b_1.o)
    0x0800cebc   0x00000010   Data   RO         6050    .constdata          STemWin528_CM4_Keil.lib(f16b_1.o)
    0x0800cecc   0x00000020   Data   RO         6051    .constdata          STemWin528_CM4_Keil.lib(f16b_1.o)
    0x0800ceec   0x00000010   Data   RO         6052    .constdata          STemWin528_CM4_Keil.lib(f16b_1.o)
    0x0800cefc   0x00000010   Data   RO         6053    .constdata          STemWin528_CM4_Keil.lib(f16b_1.o)
    0x0800cf0c   0x00000010   Data   RO         6054    .constdata          STemWin528_CM4_Keil.lib(f16b_1.o)
    0x0800cf1c   0x00000010   Data   RO         6055    .constdata          STemWin528_CM4_Keil.lib(f16b_1.o)
    0x0800cf2c   0x00000010   Data   RO         6056    .constdata          STemWin528_CM4_Keil.lib(f16b_1.o)
    0x0800cf3c   0x00000010   Data   RO         6057    .constdata          STemWin528_CM4_Keil.lib(f16b_1.o)
    0x0800cf4c   0x00000010   Data   RO         6058    .constdata          STemWin528_CM4_Keil.lib(f16b_1.o)
    0x0800cf5c   0x00000020   Data   RO         6059    .constdata          STemWin528_CM4_Keil.lib(f16b_1.o)
    0x0800cf7c   0x00000010   Data   RO         6060    .constdata          STemWin528_CM4_Keil.lib(f16b_1.o)
    0x0800cf8c   0x00000010   Data   RO         6061    .constdata          STemWin528_CM4_Keil.lib(f16b_1.o)
    0x0800cf9c   0x00000010   Data   RO         6062    .constdata          STemWin528_CM4_Keil.lib(f16b_1.o)
    0x0800cfac   0x00000010   Data   RO         6063    .constdata          STemWin528_CM4_Keil.lib(f16b_1.o)
    0x0800cfbc   0x00000010   Data   RO         6064    .constdata          STemWin528_CM4_Keil.lib(f16b_1.o)
    0x0800cfcc   0x00000010   Data   RO         6065    .constdata          STemWin528_CM4_Keil.lib(f16b_1.o)
    0x0800cfdc   0x00000010   Data   RO         6066    .constdata          STemWin528_CM4_Keil.lib(f16b_1.o)
    0x0800cfec   0x00000010   Data   RO         6067    .constdata          STemWin528_CM4_Keil.lib(f16b_1.o)
    0x0800cffc   0x00000010   Data   RO         6068    .constdata          STemWin528_CM4_Keil.lib(f16b_1.o)
    0x0800d00c   0x00000010   Data   RO         6069    .constdata          STemWin528_CM4_Keil.lib(f16b_1.o)
    0x0800d01c   0x00000010   Data   RO         6070    .constdata          STemWin528_CM4_Keil.lib(f16b_1.o)
    0x0800d02c   0x00000010   Data   RO         6071    .constdata          STemWin528_CM4_Keil.lib(f16b_1.o)
    0x0800d03c   0x00000010   Data   RO         6072    .constdata          STemWin528_CM4_Keil.lib(f16b_1.o)
    0x0800d04c   0x00000010   Data   RO         6073    .constdata          STemWin528_CM4_Keil.lib(f16b_1.o)
    0x0800d05c   0x00000010   Data   RO         6074    .constdata          STemWin528_CM4_Keil.lib(f16b_1.o)
    0x0800d06c   0x00000010   Data   RO         6075    .constdata          STemWin528_CM4_Keil.lib(f16b_1.o)
    0x0800d07c   0x00000010   Data   RO         6076    .constdata          STemWin528_CM4_Keil.lib(f16b_1.o)
    0x0800d08c   0x00000010   Data   RO         6077    .constdata          STemWin528_CM4_Keil.lib(f16b_1.o)
    0x0800d09c   0x00000010   Data   RO         6078    .constdata          STemWin528_CM4_Keil.lib(f16b_1.o)
    0x0800d0ac   0x00000010   Data   RO         6079    .constdata          STemWin528_CM4_Keil.lib(f16b_1.o)
    0x0800d0bc   0x00000010   Data   RO         6080    .constdata          STemWin528_CM4_Keil.lib(f16b_1.o)
    0x0800d0cc   0x00000010   Data   RO         6081    .constdata          STemWin528_CM4_Keil.lib(f16b_1.o)
    0x0800d0dc   0x00000010   Data   RO         6082    .constdata          STemWin528_CM4_Keil.lib(f16b_1.o)
    0x0800d0ec   0x00000010   Data   RO         6083    .constdata          STemWin528_CM4_Keil.lib(f16b_1.o)
    0x0800d0fc   0x00000010   Data   RO         6084    .constdata          STemWin528_CM4_Keil.lib(f16b_1.o)
    0x0800d10c   0x00000300   Data   RO         6085    .constdata          STemWin528_CM4_Keil.lib(f16b_1.o)
    0x0800d40c   0x0000000c   Data   RO         6086    .constdata          STemWin528_CM4_Keil.lib(f16b_1.o)
    0x0800d418   0x00000024   Data   RO         6087    .constdata          STemWin528_CM4_Keil.lib(f16b_1.o)
    0x0800d43c   0x00000018   Data   RO         6192    .constdata          STemWin528_CM4_Keil.lib(guicc_16.o)
    0x0800d454   0x00000010   Data   RO         6196    .constdata          STemWin528_CM4_Keil.lib(gui__divtbl_15_255.o)
    0x0800d464   0x00000020   Data   RO         6197    .constdata          STemWin528_CM4_Keil.lib(gui__divtbl_31_255.o)
    0x0800d484   0x00000040   Data   RO         6198    .constdata          STemWin528_CM4_Keil.lib(gui__divtbl_63_255.o)
    0x0800d4c4   0x00000100   Data   RO         6199    .constdata          STemWin528_CM4_Keil.lib(gui__divtbl_255_15.o)
    0x0800d5c4   0x00000100   Data   RO         6200    .constdata          STemWin528_CM4_Keil.lib(gui__divtbl_255_31.o)
    0x0800d6c4   0x00000100   Data   RO         6201    .constdata          STemWin528_CM4_Keil.lib(gui__divtbl_255_63.o)
    0x0800d7c4   0x00000010   Data   RO         6267    .constdata          STemWin528_CM4_Keil.lib(gui_uc_encodenone.o)
    0x0800d7d4   0x00000018   Data   RO         6278    .constdata          STemWin528_CM4_Keil.lib(guicc_0.o)
    0x0800d7ec   0x00000100   Data   RO         6292    .constdata          STemWin528_CM4_Keil.lib(lcd_mirror.o)
    0x0800d8ec   0x00000010   Data   RO         6303    .constdata          STemWin528_CM4_Keil.lib(f16b_ascii.o)
    0x0800d8fc   0x00000010   Data   RO         6304    .constdata          STemWin528_CM4_Keil.lib(f16b_ascii.o)
    0x0800d90c   0x00000010   Data   RO         6305    .constdata          STemWin528_CM4_Keil.lib(f16b_ascii.o)
    0x0800d91c   0x00000010   Data   RO         6306    .constdata          STemWin528_CM4_Keil.lib(f16b_ascii.o)
    0x0800d92c   0x00000010   Data   RO         6307    .constdata          STemWin528_CM4_Keil.lib(f16b_ascii.o)
    0x0800d93c   0x00000020   Data   RO         6308    .constdata          STemWin528_CM4_Keil.lib(f16b_ascii.o)
    0x0800d95c   0x00000020   Data   RO         6309    .constdata          STemWin528_CM4_Keil.lib(f16b_ascii.o)
    0x0800d97c   0x00000010   Data   RO         6310    .constdata          STemWin528_CM4_Keil.lib(f16b_ascii.o)
    0x0800d98c   0x00000010   Data   RO         6311    .constdata          STemWin528_CM4_Keil.lib(f16b_ascii.o)
    0x0800d99c   0x00000010   Data   RO         6312    .constdata          STemWin528_CM4_Keil.lib(f16b_ascii.o)
    0x0800d9ac   0x00000010   Data   RO         6313    .constdata          STemWin528_CM4_Keil.lib(f16b_ascii.o)
    0x0800d9bc   0x00000010   Data   RO         6314    .constdata          STemWin528_CM4_Keil.lib(f16b_ascii.o)
    0x0800d9cc   0x00000010   Data   RO         6315    .constdata          STemWin528_CM4_Keil.lib(f16b_ascii.o)
    0x0800d9dc   0x00000010   Data   RO         6316    .constdata          STemWin528_CM4_Keil.lib(f16b_ascii.o)
    0x0800d9ec   0x00000010   Data   RO         6317    .constdata          STemWin528_CM4_Keil.lib(f16b_ascii.o)
    0x0800d9fc   0x00000010   Data   RO         6318    .constdata          STemWin528_CM4_Keil.lib(f16b_ascii.o)
    0x0800da0c   0x00000010   Data   RO         6319    .constdata          STemWin528_CM4_Keil.lib(f16b_ascii.o)
    0x0800da1c   0x00000010   Data   RO         6320    .constdata          STemWin528_CM4_Keil.lib(f16b_ascii.o)
    0x0800da2c   0x00000010   Data   RO         6321    .constdata          STemWin528_CM4_Keil.lib(f16b_ascii.o)
    0x0800da3c   0x00000010   Data   RO         6322    .constdata          STemWin528_CM4_Keil.lib(f16b_ascii.o)
    0x0800da4c   0x00000010   Data   RO         6323    .constdata          STemWin528_CM4_Keil.lib(f16b_ascii.o)
    0x0800da5c   0x00000010   Data   RO         6324    .constdata          STemWin528_CM4_Keil.lib(f16b_ascii.o)
    0x0800da6c   0x00000010   Data   RO         6325    .constdata          STemWin528_CM4_Keil.lib(f16b_ascii.o)
    0x0800da7c   0x00000010   Data   RO         6326    .constdata          STemWin528_CM4_Keil.lib(f16b_ascii.o)
    0x0800da8c   0x00000010   Data   RO         6327    .constdata          STemWin528_CM4_Keil.lib(f16b_ascii.o)
    0x0800da9c   0x00000010   Data   RO         6328    .constdata          STemWin528_CM4_Keil.lib(f16b_ascii.o)
    0x0800daac   0x00000010   Data   RO         6329    .constdata          STemWin528_CM4_Keil.lib(f16b_ascii.o)
    0x0800dabc   0x00000010   Data   RO         6330    .constdata          STemWin528_CM4_Keil.lib(f16b_ascii.o)
    0x0800dacc   0x00000010   Data   RO         6331    .constdata          STemWin528_CM4_Keil.lib(f16b_ascii.o)
    0x0800dadc   0x00000010   Data   RO         6332    .constdata          STemWin528_CM4_Keil.lib(f16b_ascii.o)
    0x0800daec   0x00000010   Data   RO         6333    .constdata          STemWin528_CM4_Keil.lib(f16b_ascii.o)
    0x0800dafc   0x00000010   Data   RO         6334    .constdata          STemWin528_CM4_Keil.lib(f16b_ascii.o)
    0x0800db0c   0x00000020   Data   RO         6335    .constdata          STemWin528_CM4_Keil.lib(f16b_ascii.o)
    0x0800db2c   0x00000020   Data   RO         6336    .constdata          STemWin528_CM4_Keil.lib(f16b_ascii.o)
    0x0800db4c   0x00000020   Data   RO         6337    .constdata          STemWin528_CM4_Keil.lib(f16b_ascii.o)
    0x0800db6c   0x00000020   Data   RO         6338    .constdata          STemWin528_CM4_Keil.lib(f16b_ascii.o)
    0x0800db8c   0x00000020   Data   RO         6339    .constdata          STemWin528_CM4_Keil.lib(f16b_ascii.o)
    0x0800dbac   0x00000010   Data   RO         6340    .constdata          STemWin528_CM4_Keil.lib(f16b_ascii.o)
    0x0800dbbc   0x00000010   Data   RO         6341    .constdata          STemWin528_CM4_Keil.lib(f16b_ascii.o)
    0x0800dbcc   0x00000020   Data   RO         6342    .constdata          STemWin528_CM4_Keil.lib(f16b_ascii.o)
    0x0800dbec   0x00000020   Data   RO         6343    .constdata          STemWin528_CM4_Keil.lib(f16b_ascii.o)
    0x0800dc0c   0x00000010   Data   RO         6344    .constdata          STemWin528_CM4_Keil.lib(f16b_ascii.o)
    0x0800dc1c   0x00000010   Data   RO         6345    .constdata          STemWin528_CM4_Keil.lib(f16b_ascii.o)
    0x0800dc2c   0x00000020   Data   RO         6346    .constdata          STemWin528_CM4_Keil.lib(f16b_ascii.o)
    0x0800dc4c   0x00000010   Data   RO         6347    .constdata          STemWin528_CM4_Keil.lib(f16b_ascii.o)
    0x0800dc5c   0x00000020   Data   RO         6348    .constdata          STemWin528_CM4_Keil.lib(f16b_ascii.o)
    0x0800dc7c   0x00000020   Data   RO         6349    .constdata          STemWin528_CM4_Keil.lib(f16b_ascii.o)
    0x0800dc9c   0x00000020   Data   RO         6350    .constdata          STemWin528_CM4_Keil.lib(f16b_ascii.o)
    0x0800dcbc   0x00000020   Data   RO         6351    .constdata          STemWin528_CM4_Keil.lib(f16b_ascii.o)
    0x0800dcdc   0x00000020   Data   RO         6352    .constdata          STemWin528_CM4_Keil.lib(f16b_ascii.o)
    0x0800dcfc   0x00000020   Data   RO         6353    .constdata          STemWin528_CM4_Keil.lib(f16b_ascii.o)
    0x0800dd1c   0x00000020   Data   RO         6354    .constdata          STemWin528_CM4_Keil.lib(f16b_ascii.o)
    0x0800dd3c   0x00000010   Data   RO         6355    .constdata          STemWin528_CM4_Keil.lib(f16b_ascii.o)
    0x0800dd4c   0x00000020   Data   RO         6356    .constdata          STemWin528_CM4_Keil.lib(f16b_ascii.o)
    0x0800dd6c   0x00000020   Data   RO         6357    .constdata          STemWin528_CM4_Keil.lib(f16b_ascii.o)
    0x0800dd8c   0x00000020   Data   RO         6358    .constdata          STemWin528_CM4_Keil.lib(f16b_ascii.o)
    0x0800ddac   0x00000020   Data   RO         6359    .constdata          STemWin528_CM4_Keil.lib(f16b_ascii.o)
    0x0800ddcc   0x00000010   Data   RO         6360    .constdata          STemWin528_CM4_Keil.lib(f16b_ascii.o)
    0x0800dddc   0x00000010   Data   RO         6361    .constdata          STemWin528_CM4_Keil.lib(f16b_ascii.o)
    0x0800ddec   0x00000010   Data   RO         6362    .constdata          STemWin528_CM4_Keil.lib(f16b_ascii.o)
    0x0800ddfc   0x00000010   Data   RO         6363    .constdata          STemWin528_CM4_Keil.lib(f16b_ascii.o)
    0x0800de0c   0x00000010   Data   RO         6364    .constdata          STemWin528_CM4_Keil.lib(f16b_ascii.o)
    0x0800de1c   0x00000010   Data   RO         6365    .constdata          STemWin528_CM4_Keil.lib(f16b_ascii.o)
    0x0800de2c   0x00000010   Data   RO         6366    .constdata          STemWin528_CM4_Keil.lib(f16b_ascii.o)
    0x0800de3c   0x00000010   Data   RO         6367    .constdata          STemWin528_CM4_Keil.lib(f16b_ascii.o)
    0x0800de4c   0x00000010   Data   RO         6368    .constdata          STemWin528_CM4_Keil.lib(f16b_ascii.o)
    0x0800de5c   0x00000010   Data   RO         6369    .constdata          STemWin528_CM4_Keil.lib(f16b_ascii.o)
    0x0800de6c   0x00000010   Data   RO         6370    .constdata          STemWin528_CM4_Keil.lib(f16b_ascii.o)
    0x0800de7c   0x00000010   Data   RO         6371    .constdata          STemWin528_CM4_Keil.lib(f16b_ascii.o)
    0x0800de8c   0x00000010   Data   RO         6372    .constdata          STemWin528_CM4_Keil.lib(f16b_ascii.o)
    0x0800de9c   0x00000010   Data   RO         6373    .constdata          STemWin528_CM4_Keil.lib(f16b_ascii.o)
    0x0800deac   0x00000010   Data   RO         6374    .constdata          STemWin528_CM4_Keil.lib(f16b_ascii.o)
    0x0800debc   0x00000010   Data   RO         6375    .constdata          STemWin528_CM4_Keil.lib(f16b_ascii.o)
    0x0800decc   0x00000010   Data   RO         6376    .constdata          STemWin528_CM4_Keil.lib(f16b_ascii.o)
    0x0800dedc   0x00000010   Data   RO         6377    .constdata          STemWin528_CM4_Keil.lib(f16b_ascii.o)
    0x0800deec   0x00000010   Data   RO         6378    .constdata          STemWin528_CM4_Keil.lib(f16b_ascii.o)
    0x0800defc   0x00000010   Data   RO         6379    .constdata          STemWin528_CM4_Keil.lib(f16b_ascii.o)
    0x0800df0c   0x00000020   Data   RO         6380    .constdata          STemWin528_CM4_Keil.lib(f16b_ascii.o)
    0x0800df2c   0x00000010   Data   RO         6381    .constdata          STemWin528_CM4_Keil.lib(f16b_ascii.o)
    0x0800df3c   0x00000010   Data   RO         6382    .constdata          STemWin528_CM4_Keil.lib(f16b_ascii.o)
    0x0800df4c   0x00000010   Data   RO         6383    .constdata          STemWin528_CM4_Keil.lib(f16b_ascii.o)
    0x0800df5c   0x00000010   Data   RO         6384    .constdata          STemWin528_CM4_Keil.lib(f16b_ascii.o)
    0x0800df6c   0x00000010   Data   RO         6385    .constdata          STemWin528_CM4_Keil.lib(f16b_ascii.o)
    0x0800df7c   0x00000010   Data   RO         6386    .constdata          STemWin528_CM4_Keil.lib(f16b_ascii.o)
    0x0800df8c   0x00000010   Data   RO         6387    .constdata          STemWin528_CM4_Keil.lib(f16b_ascii.o)
    0x0800df9c   0x00000010   Data   RO         6388    .constdata          STemWin528_CM4_Keil.lib(f16b_ascii.o)
    0x0800dfac   0x00000010   Data   RO         6389    .constdata          STemWin528_CM4_Keil.lib(f16b_ascii.o)
    0x0800dfbc   0x00000020   Data   RO         6390    .constdata          STemWin528_CM4_Keil.lib(f16b_ascii.o)
    0x0800dfdc   0x00000010   Data   RO         6391    .constdata          STemWin528_CM4_Keil.lib(f16b_ascii.o)
    0x0800dfec   0x00000010   Data   RO         6392    .constdata          STemWin528_CM4_Keil.lib(f16b_ascii.o)
    0x0800dffc   0x00000010   Data   RO         6393    .constdata          STemWin528_CM4_Keil.lib(f16b_ascii.o)
    0x0800e00c   0x00000010   Data   RO         6394    .constdata          STemWin528_CM4_Keil.lib(f16b_ascii.o)
    0x0800e01c   0x00000010   Data   RO         6395    .constdata          STemWin528_CM4_Keil.lib(f16b_ascii.o)
    0x0800e02c   0x00000010   Data   RO         6396    .constdata          STemWin528_CM4_Keil.lib(f16b_ascii.o)
    0x0800e03c   0x00000010   Data   RO         6397    .constdata          STemWin528_CM4_Keil.lib(f16b_ascii.o)
    0x0800e04c   0x000002f8   Data   RO         6398    .constdata          STemWin528_CM4_Keil.lib(f16b_ascii.o)
    0x0800e344   0x0000000c   Data   RO         6399    .constdata          STemWin528_CM4_Keil.lib(f16b_ascii.o)
    0x0800e350   0x00000074   Data   RO         6516    .constdata          STemWin528_CM4_Keil.lib(guidev_32.o)
    0x0800e3c4   0x00000020   Data   RO         7624    Region$$Table       anon$$obj.o


    Execution Region RW_IRAM1 (Base: 0x20000000, Size: 0x0002ad80, Max: 0x00030000, ABSOLUTE, COMPRESSED[0x000000a8])

    Base Addr    Size         Type   Attr      Idx    E Section Name        Object

    0x20000000   0x00000018   Data   RW          231    .data               stm32f429i_discovery.o
    0x20000018   0x00000010   Data   RW          669    .data               stm32f429i_discovery_ts.o
    0x20000028   0x00000028   Data   RW          822    .data               stmpe811.o
    0x20000050   0x00000002   Data   RW          824    .data               stmpe811.o
    0x20000052   0x00000002   PAD
    0x20000054   0x00000004   Data   RW         1067    .data               gui_x.o
    0x20000058   0x00000004   Data   RW         1170    .data               lcdconf_stm32f429i_disco_mb1075.o
    0x2000005c   0x00000014   Data   RW         1371    .data               system_stm32f4xx.o
    0x20000070   0x00000010   Data   RW         1499    .data               main.o
    0x20000080   0x00000144   Data   RW         1574    .data               dcf77.o
    0x200001c4   0x00000008   Data   RW         1679    .data               delay.o
    0x200001cc   0x00000010   Data   RW         1743    .data               dfc_main.o
    0x200001dc   0x00000028   Data   RW         1800    .data               mstimer.o
    0x20000204   0x00000068   Data   RW         1861    .data               time2.o
    0x2000026c   0x00000004   Data   RW         2204    .data               stm32f4xx_hal.o
    0x20000270   0x00000008   Data   RW         5458    .data               STemWin528_CM4_Keil.lib(guicc_m1555i.o)
    0x20000278   0x00000008   Data   RW         5472    .data               STemWin528_CM4_Keil.lib(guicc_m4444i.o)
    0x20000280   0x00000008   Data   RW         5486    .data               STemWin528_CM4_Keil.lib(guicc_m8888i.o)
    0x20000288   0x00000028   Data   RW         5503    .data               STemWin528_CM4_Keil.lib(gui__alpha.o)
    0x200002b0   0x00000008   Data   RW         5552    .data               STemWin528_CM4_Keil.lib(gui_alloc.o)
    0x200002b8   0x0000002c   Data   RW         5602    .data               STemWin528_CM4_Keil.lib(gui_core.o)
    0x200002e4   0x00000004   Data   RW         5606    .data               STemWin528_CM4_Keil.lib(gui_core.o)
    0x200002e8   0x00000004   Data   RW         5607    .data               STemWin528_CM4_Keil.lib(gui_core.o)
    0x200002ec   0x00000004   Data   RW         5608    .data               STemWin528_CM4_Keil.lib(gui_core.o)
    0x200002f0   0x00000002   Data   RW         5610    .data               STemWin528_CM4_Keil.lib(gui_core.o)
    0x200002f2   0x00000002   PAD
    0x200002f4   0x00000004   Data   RW         5611    .data               STemWin528_CM4_Keil.lib(gui_core.o)
    0x200002f8   0x00000002   Data   RW         5612    .data               STemWin528_CM4_Keil.lib(gui_core.o)
    0x200002fa   0x00000002   Data   RW         5613    .data               STemWin528_CM4_Keil.lib(gui_core.o)
    0x200002fc   0x00000024   Data   RW         5663    .data               STemWin528_CM4_Keil.lib(gui_multibuf.o)
    0x20000320   0x00000008   Data   RW         5684    .data               STemWin528_CM4_Keil.lib(gui_selectlayer.o)
    0x20000328   0x00000008   Data   RW         5712    .data               STemWin528_CM4_Keil.lib(guicc_m565.o)
    0x20000330   0x00000008   Data   RW         5725    .data               STemWin528_CM4_Keil.lib(guicc_m888.o)
    0x20000338   0x00000004   Data   RW         5750    .data               STemWin528_CM4_Keil.lib(lcd.o)
    0x2000033c   0x00000010   Data   RW         5776    .data               STemWin528_CM4_Keil.lib(lcd_color.o)
    0x2000034c   0x0000000c   Data   RW         6248    .data               STemWin528_CM4_Keil.lib(gui_pid.o)
    0x20000358   0x00000064   Data   RW         6591    .data               STemWin528_CM4_Keil.lib(wm.o)
    0x200003bc   0x00000001   Data   RW         6592    .data               STemWin528_CM4_Keil.lib(wm.o)
    0x200003bd   0x00000003   PAD
    0x200003c0   0x00000014   Data   RW         6658    .data               STemWin528_CM4_Keil.lib(gui__managecache.o)
    0x200003d4   0x00000004   Data   RW         6685    .data               STemWin528_CM4_Keil.lib(gui_charline.o)
    0x200003d8   0x00000010   Data   RW         6715    .data               STemWin528_CM4_Keil.lib(gui_onkey.o)
    0x200003e8   0x0000000c   Data   RW         6756    .data               STemWin528_CM4_Keil.lib(gui_waitevent.o)
    0x200003f4   0x00000004   Data   RW         6824    .data               STemWin528_CM4_Keil.lib(wm__sendmessage.o)
    0x200003f8   0x0000000c   Data   RW         6866    .data               STemWin528_CM4_Keil.lib(wm_touch.o)
    0x20000404   0x00000094   Zero   RW          229    .bss                stm32f429i_discovery.o
    0x20000498   0x000000b8   Zero   RW          725    .bss                stm32f429i_discovery_sdram.o
    0x20000550   0x00003234   Zero   RW         1169    .bss                lcdconf_stm32f429i_disco_mb1075.o
    0x20003784   0x00025800   Zero   RW         1354    .bss                guiconf.o
    0x20028f84   0x0000003c   Zero   RW         1498    .bss                main.o
    0x20028fc0   0x00000a54   Zero   RW         1572    .bss                dcf77.o
    0x20029a14   0x0000003c   Zero   RW         1678    .bss                delay.o
    0x20029a50   0x00000078   Zero   RW         1797    .bss                mstimer.o
    0x20029ac8   0x0000002c   Zero   RW         1858    .bss                time2.o
    0x20029af4   0x000000cc   Zero   RW         5551    .bss                STemWin528_CM4_Keil.lib(gui_alloc.o)
    0x20029bc0   0x00000070   Zero   RW         5600    .bss                STemWin528_CM4_Keil.lib(gui_core.o)
    0x20029c30   0x0000000c   Zero   RW         5702    .bss                STemWin528_CM4_Keil.lib(gui_touch.o)
    0x20029c3c   0x00000048   Zero   RW         6247    .bss                STemWin528_CM4_Keil.lib(gui_pid.o)
    0x20029c84   0x00000018   Zero   RW         6589    .bss                STemWin528_CM4_Keil.lib(wm.o)
    0x20029c9c   0x00000058   Zero   RW         6714    .bss                STemWin528_CM4_Keil.lib(gui_onkey.o)
    0x20029cf4   0x00000048   Zero   RW         6865    .bss                STemWin528_CM4_Keil.lib(wm_touch.o)
    0x20029d3c   0x00000028   Zero   RW         6896    .bss                STemWin528_CM4_Keil.lib(gui_curs1.o)
    0x20029d64   0x00000018   Zero   RW         7136    .bss                STemWin528_CM4_Keil.lib(wm_pid__getprevstate.o)
    0x20029d7c   0x00000004   PAD
    0x20029d80   0x00001000   Zero   RW          782    STACK               startup_stm32f429xx.o


==============================================================================

Image component sizes


      Code (inc. data)   RO Data    RW Data    ZI Data      Debug   Object Name

      2706        158          0        324       2644      15310   dcf77.o
       156         46          0          8         60       2896   delay.o
      1356        590          0         16          0       4198   dfc_main.o
         4          0          0          4          0      49886   gui_x.o
        32         10          0          0     153600        595   guiconf.o
       658          0          0          0          0       5233   ili9341.o
      3316        356          0          4      12852      26714   lcdconf_stm32f429i_disco_mb1075.o
       440         48          0         16         60       4575   main.o
       488         60          0         40        120       3707   mstimer.o
        36          8        428          0       4096        872   startup_stm32f429xx.o
      1124        154          8         24        148      12760   stm32f429i_discovery.o
         0          0          0          0          0     428148   stm32f429i_discovery_io.o
       588         52          0          0        184       3145   stm32f429i_discovery_sdram.o
       236         14          0         16          0       3340   stm32f429i_discovery_ts.o
       138         16          0          4          0       5396   stm32f4xx_hal.o
       228         16          0          0          0      30466   stm32f4xx_hal_cortex.o
       304         24          8          0          0       2580   stm32f4xx_hal_dma.o
        90          0          0          0          0       1401   stm32f4xx_hal_dma2d.o
       570         16          0          0          0       2612   stm32f4xx_hal_gpio.o
      1856         50          0          0          0      11188   stm32f4xx_hal_i2c.o
      1694         10          0          0          0      12755   stm32f4xx_hal_ltdc.o
       156         10          0          0          0       1484   stm32f4xx_hal_pwr_ex.o
      1800         98         16          0          0       6168   stm32f4xx_hal_rcc.o
       752         44          0          0          0       1764   stm32f4xx_hal_rcc_ex.o
       150          0          0          0          0       3588   stm32f4xx_hal_sdram.o
       776          0          0          0          0       6321   stm32f4xx_hal_spi.o
      1112         20          0          0          0      10332   stm32f4xx_hal_tim.o
         4          0          0          0          0       1918   stm32f4xx_hal_tim_ex.o
        56         16          0          0          0       4727   stm32f4xx_it.o
       322          0          0          0          0       3780   stm32f4xx_ll_fmc.o
       602          6          0         42          0      12190   stmpe811.o
        88         24          0         20          0       1393   system_stm32f4xx.o
       558         46         80        104         44       4903   time2.o

    ----------------------------------------------------------------------
     22424       1892        574        624     173808     686345   Object Totals
         0          0         32          0          0          0   (incl. Generated)
        28          0          2          2          0          0   (incl. Padding)

    ----------------------------------------------------------------------

      Code (inc. data)   RO Data    RW Data    ZI Data      Debug   Library Member Name

         0          0       2784          0          0          0   f16b_1.o
         0          0       2660          0          0          0   f16b_ascii.o
         0          0       1816          0          0          0   f6x8.o
       898         56          0         40          0       1148   gui__alpha.o
       664          0          0          0          0        384   gui__compactpixelindices.o
         0          0         16          0          0          0   gui__divtbl_15_255.o
         0          0        256          0          0          0   gui__divtbl_255_15.o
         0          0        256          0          0          0   gui__divtbl_255_31.o
         0          0        256          0          0          0   gui__divtbl_255_63.o
         0          0         32          0          0          0   gui__divtbl_31_255.o
         0          0         64          0          0          0   gui__divtbl_63_255.o
       322          0          0          0          0        156   gui__expandpixelindices.o
        58          0          0          0          0        116   gui__intersectrect.o
        82          0          0          0          0        128   gui__intersectrects.o
       216          8          0         20          0        252   gui__managecache.o
        76          0          0          0          0        124   gui__memset.o
      1738         98          0          8        204       2628   gui_alloc.o
        36          0          0          0          0        128   gui_alloc_alloczero.o
        60          0          0          0          0        124   gui_calccolordist.o
        96         22          0          0          0        464   gui_char.o
       458         36          0          4          0        760   gui_charline.o
       394         12          0          0          0        492   gui_charm.o
       316         10          0          0          0        624   gui_charp.o
       472         84          8         66        112       1120   gui_core.o
       112          6          0          0         40        140   gui_curs1.o
       348         24          0          0          0        852   gui_device.o
       256          4          0          0          0        136   gui_dispstring.o
        16          4          0          0          0        116   gui_dispstringat.o
       160          0          0          0          0        248   gui_getbitmappixelindex.o
        28          0          0          0          0        256   gui_getcolor.o
        12          4          0          0          0        116   gui_getdrawmode.o
        52         12          0          0          0        360   gui_goto.o
        88          0          0          0          0        124   gui_mergerect.o
        30          0          0          0          0        116   gui_moverect.o
        44          6          0         36          0        116   gui_multibuf.o
        16          4          0         16         88        116   gui_onkey.o
       264         38          0         12         72        744   gui_pid.o
        56          0          0          0          0        116   gui_rectsintersect.o
        82         12          0          8          0        488   gui_selectlayer.o
        18          0          0          0          0        128   gui_selectlcd.o
         8          0          0          0          0        232   gui_setcolor.o
        20          6          0          0          0        116   gui_setfont.o
        56         18          0          0          0        128   gui_setorg.o
      1806         20          0          0          0       1240   gui_sprite.o
        44          6          0          0         12        132   gui_touch.o
        84         10          0          0          0        264   gui_uc.o
        18          0         16          0          0        464   gui_uc_encodenone.o
        16          4          0         12          0        116   gui_waitevent.o
       198          0         24          0          0        388   guicc_0.o
       172          0         24          0          0        376   guicc_16.o
       228         36         24          0          0        636   guicc_1616i.o
       190          0         24          0          0        356   guicc_8666.o
       194         18         24          0          0        636   guicc_88666i.o
         2          0          0          0          0        116   guicc_8888_index2color.o
         2          0          0          0          0        116   guicc_888_index2color.o
       306         32         24          8          0        768   guicc_m1555i.o
       304         20         24          8          0        768   guicc_m4444i.o
       270         50         24          8          0        768   guicc_m565.o
       142         16         24          8          0        636   guicc_m888.o
       218         12         24          8          0        768   guicc_m8888i.o
        20          0          0          0          0        116   guicc_m888_index2color.o
       132         10          0          0          0        260   guidev.o
      2356         62        116          0          0       2256   guidev_32.o
        26          0          0          0          0        128   guidev_getdataptr.o
        76          0          0          0          0        260   guidev_usage.o
       400         14          0          0          0        144   guidev_writetoactivealpha.o
      2688        176         52          0          0       4448   guidrv_lin_32.o
      1210         98         12          4          0       2016   lcd.o
       276         30          0         16          0        748   lcd_color.o
        32         12          0          0          0        232   lcd_getcolorindex.o
       224         26          0          0          0       1896   lcd_getex.o
        26          0          0          0          0        128   lcd_getnumdisplays.o
         0          0        256          0          0          0   lcd_mirror.o
       504         18          0          0          0        280   lcd_readrect.o
        64         10          0          0          0        128   lcd_selectlcd.o
       304          0          0          0          0        920   lcd_set.o
        48         10          0          0          0        128   lcd_setcliprectex.o
        36          4          0          0          0        128   lcd_updatecolorindices.o
      3022        144          0        101         24       4336   wm.o
        18          0          0          0          0        124   wm__getfirstsibling.o
        36          0          0          0          0        128   wm__getprevsibling.o
        34          0          0          0          0        128   wm__isancestor.o
        22          0          0          0          0        124   wm__isenabled.o
        60          6          0          4          0        136   wm__sendmessage.o
        28          0          0          0          0        140   wm__sendmessageifenabled.o
       126          0          0          0          0        140   wm_bringtobottom.o
        60         12          0          0          0        232   wm_criticalhandle.o
        32          0          0          0          0        128   wm_getclientrect.o
        24         10          0          0          0        116   wm_getdesktopwindow.o
        20          4          0          0          0        116   wm_getdesktopwindowex.o
        14          0          0          0          0        124   wm_getfirstchild.o
        14          0          0          0          0        124   wm_getparent.o
         4          0          0          0          0        116   wm_iswindow.o
        24          6          0          0         24        116   wm_pid__getprevstate.o
       184          6          0          0          0        504   wm_screen2win.o
        30          0          0          0          0        140   wm_sendtoparent.o
        48          8          0          0          0        244   wm_setcapture.o
        16          6          0          0          0        116   wm_setcreateflags.o
      1100         46          0         12         72        536   wm_touch.o
        86          0          0          0          0          0   __dczerorl2.o
         0          0          0          0          0          0   entry.o
         0          0          0          0          0          0   entry10a.o
         0          0          0          0          0          0   entry11a.o
         8          4          0          0          0          0   entry2.o
         4          0          0          0          0          0   entry5.o
         0          0          0          0          0          0   entry7b.o
         0          0          0          0          0          0   entry8b.o
         8          4          0          0          0          0   entry9a.o
        30          0          0          0          0          0   handlers.o
        36          8          0          0          0         68   init.o
        30          0          0          0          0         68   llshl.o
        32          0          0          0          0         68   llushr.o
        26          0          0          0          0         80   memcmp.o
        64          0          0          0          0         76   memmovea.o
       884         10          0          0          0        420   printf6.o
        44          0          0          0          0         80   uidiv.o
        98          0          0          0          0         92   uldiv.o

    ----------------------------------------------------------------------
     26502       1432       8840        404        652      44880   Library Totals
        68          0          0          5          4          0   (incl. Padding)

    ----------------------------------------------------------------------

      Code (inc. data)   RO Data    RW Data    ZI Data      Debug   Library Name

     25084       1406       8840        399        648      43928   STemWin528_CM4_Keil.lib
      1350         26          0          0          0        952   mc_w.l

    ----------------------------------------------------------------------
     26502       1432       8840        404        652      44880   Library Totals

    ----------------------------------------------------------------------

==============================================================================


      Code (inc. data)   RO Data    RW Data    ZI Data      Debug   

     48926       3324       9414       1028     174460     679741   Grand Totals
     48926       3324       9414        168     174460     679741   ELF Image Totals (compressed)
     48926       3324       9414        168          0          0   ROM Totals

==============================================================================

    Total RO  Size (Code + RO Data)                58340 (  56.97kB)
    Total RW  Size (RW Data + ZI Data)            175488 ( 171.38kB)
    Total ROM Size (Code + RO Data + RW Data)      58508 (  57.14kB)

==============================================================================

